<html>
<body>
<pre>
<h1>µVision Build Log</h1>
<h2>Tool Versions:</h2>
IDE-Version: ¦ÌVision V5.38.0.0
Copyright (C) 2022 ARM Ltd and ARM Germany GmbH. All rights reserved.
License Information:  ,  , LIC=YA39H-W51IB-30QNC-79QZR-W3ZTC-XQMJP
 
Tool Versions:
Toolchain:       MDK-ARM Plus  Version: 5.38.0.0
Toolchain Path:  F:\Software\Keil_v5\ARM\ARM_Compiler_5.06u7\Bin
C Compiler:      Armcc.exe V5.06 update 7 (build 960)
Assembler:       Armasm.exe V5.06 update 7 (build 960)
Linker/Locator:  ArmLink.exe V5.06 update 7 (build 960)
Library Manager: ArmAr.exe V5.06 update 7 (build 960)
Hex Converter:   FromElf.exe V5.06 update 7 (build 960)
CPU DLL:         SARMCM3.DLL V5.38.0.0
Dialog DLL:      DCM.DLL V1.17.5.0
Target DLL:      CMSIS_AGDI.dll V1.33.15.0
Dialog DLL:      TCM.DLL V1.56.4.0
 
<h2>Project:</h2>
F:\study\E1egy_Git\FreeRTOS\LED\Project\RTOS.uvprojx
Project File Date:  03/16/2025

<h2>Output:</h2>
*** Using Compiler 'V5.06 update 7 (build 960)', folder: 'F:\Software\Keil_v5\ARM\ARM_Compiler_5.06u7\Bin'
Rebuild target 'RTOS'
assembling startup_stm32f10x_hd.s...
compiling core_cm3.c...
compiling bsp_led.c...
compiling main.c...
compiling bsp_timer.c...
compiling stm32f10x_it.c...
compiling bsp_pwm.c...
..\bsp\PWM\bsp_pwm.h(6): warning:  #1-D: last line of file ends without a newline
  #endif
..\bsp\PWM\bsp_pwm.c(43): warning:  #1-D: last line of file ends without a newline
  }
..\bsp\PWM\bsp_pwm.c(14): warning:  #177-D: variable "TIM_TimeBaseStructure"  was declared but never referenced
      TIM_TimeBaseInitTypeDef TIM_TimeBaseStructure;  
..\bsp\PWM\bsp_pwm.c(17): warning:  #177-D: variable "TIM_OCStructure"  was declared but never referenced
      TIM_OCInitTypeDef TIM_OCStructure;
..\bsp\PWM\bsp_pwm.c: 4 warnings, 0 errors
compiling bsp_key.c...
compiling system_stm32f10x.c...
compiling bsp_rtos.c...
compiling system_f103.c...
compiling bsp_usart.c...
compiling misc.c...
compiling stm32f10x_bkp.c...
compiling stm32f10x_adc.c...
compiling stm32f10x_dac.c...
compiling stm32f10x_dbgmcu.c...
compiling stm32f10x_can.c...
compiling stm32f10x_exti.c...
compiling stm32f10x_dma.c...
compiling stm32f10x_gpio.c...
compiling stm32f10x_flash.c...
compiling stm32f10x_i2c.c...
compiling stm32f10x_iwdg.c...
compiling stm32f10x_pwr.c...
compiling stm32f10x_rtc.c...
compiling croutine.c...
compiling stm32f10x_rcc.c...
compiling stm32f10x_sdio.c...
compiling stm32f10x_spi.c...
compiling event_groups.c...
compiling list.c...
compiling stm32f10x_wwdg.c...
compiling stm32f10x_usart.c...
compiling timers.c...
compiling queue.c...
compiling heap_4.c...
compiling stm32f10x_tim.c...
compiling tasks.c...
compiling port.c...
linking...
Program Size: Code=7436 RO-data=352 RW-data=168 ZI-data=29176  
FromELF: creating hex file...
".\Output\RTOS.axf" - 0 Error(s), 4 Warning(s).

<h2>Software Packages used:</h2>

Package Vendor: Keil
                https://www.keil.com/pack/Keil.STM32F1xx_DFP.2.4.1.pack
                Keil.STM32F1xx_DFP.2.4.1
                STMicroelectronics STM32F1 Series Device Support, Drivers and Examples

<h2>Collection of Component include folders:</h2>
  F:/Software/Arm/Packs/Keil/STM32F1xx_DFP/2.4.1/Device/Include

<h2>Collection of Component Files used:</h2>
Build Time Elapsed:  00:00:01
</pre>
</body>
</html>
