Component: ARM Compiler 5.06 update 7 (build 960) Tool: armlink [4d3601]

==============================================================================

Section Cross References

    main.o(i.main) refers to bsp_usart.o(i.USART1_Init) for USART1_Init
    main.o(i.main) refers to bsp_led.o(i.Led_Init) for Led_Init
    main.o(i.main) refers to bsp_key.o(i.key_init) for key_init
    main.o(i.main) refers to stm32f10x_rcc.o(i.RCC_GetClocksFreq) for RCC_GetClocksFreq
    main.o(i.main) refers to bsp_led.o(i.createTask_Led) for createTask_Led
    main.o(i.main) refers to printf6.o(i.__0printf$6) for __2printf
    main.o(i.main) refers to bsp_key.o(i.createTask_Key) for createTask_Key
    main.o(i.main) refers to tasks.o(i.vTaskStartScheduler) for vTaskStartScheduler
    main.o(i.main) refers to main.o(.bss) for .bss
    bsp_led.o(i.AppTask_Led) refers to tasks.o(i.vTaskDelay) for vTaskDelay
    bsp_led.o(i.AppTask_Led) refers to printf6.o(i.__0printf$6) for __2printf
    bsp_led.o(i.Led_Init) refers to stm32f10x_rcc.o(i.RCC_APB2PeriphClockCmd) for RCC_APB2PeriphClockCmd
    bsp_led.o(i.Led_Init) refers to stm32f10x_gpio.o(i.GPIO_Init) for GPIO_Init
    bsp_led.o(i.createTask_Led) refers to bsp_rtos.o(i.createTask) for createTask
    bsp_led.o(i.createTask_Led) refers to bsp_led.o(.data) for .data
    bsp_led.o(i.createTask_Led) refers to bsp_led.o(i.AppTask_Led) for AppTask_Led
    bsp_usart.o(i.UART4_GetBuffer) refers to memcpya.o(.text) for __aeabi_memcpy
    bsp_usart.o(i.UART4_GetBuffer) refers to memseta.o(.text) for __aeabi_memclr
    bsp_usart.o(i.UART4_GetBuffer) refers to bsp_usart.o(.bss) for .bss
    bsp_usart.o(i.UART4_IRQHandler) refers to memcpya.o(.text) for __aeabi_memcpy
    bsp_usart.o(i.UART4_IRQHandler) refers to memseta.o(.text) for __aeabi_memclr
    bsp_usart.o(i.UART4_IRQHandler) refers to bsp_usart.o(.data) for .data
    bsp_usart.o(i.UART4_IRQHandler) refers to bsp_usart.o(.bss) for .bss
    bsp_usart.o(i.UART4_Init) refers to stm32f10x_gpio.o(i.GPIO_Init) for GPIO_Init
    bsp_usart.o(i.UART4_Init) refers to stm32f10x_usart.o(i.USART_DeInit) for USART_DeInit
    bsp_usart.o(i.UART4_Init) refers to stm32f10x_usart.o(i.USART_Init) for USART_Init
    bsp_usart.o(i.UART4_Init) refers to stm32f10x_usart.o(i.USART_ITConfig) for USART_ITConfig
    bsp_usart.o(i.UART4_Init) refers to misc.o(i.NVIC_Init) for NVIC_Init
    bsp_usart.o(i.UART4_Init) refers to stm32f10x_usart.o(i.USART_Cmd) for USART_Cmd
    bsp_usart.o(i.UART4_Init) refers to printf6.o(i.__0printf$6) for __2printf
    bsp_usart.o(i.UART4_Init) refers to bsp_usart.o(.bss) for .bss
    bsp_usart.o(i.UART4_SendData) refers to bsp_usart.o(.data) for .data
    bsp_usart.o(i.UART4_SendData) refers to bsp_usart.o(.bss) for .bss
    bsp_usart.o(i.UART4_SendString) refers to bsp_usart.o(.data) for .data
    bsp_usart.o(i.UART4_SendString) refers to bsp_usart.o(.bss) for .bss
    bsp_usart.o(i.UART5_GetBuffer) refers to memcpya.o(.text) for __aeabi_memcpy
    bsp_usart.o(i.UART5_GetBuffer) refers to memseta.o(.text) for __aeabi_memclr
    bsp_usart.o(i.UART5_GetBuffer) refers to bsp_usart.o(.bss) for .bss
    bsp_usart.o(i.UART5_IRQHandler) refers to memcpya.o(.text) for __aeabi_memcpy
    bsp_usart.o(i.UART5_IRQHandler) refers to memseta.o(.text) for __aeabi_memclr
    bsp_usart.o(i.UART5_IRQHandler) refers to bsp_usart.o(.data) for .data
    bsp_usart.o(i.UART5_IRQHandler) refers to bsp_usart.o(.bss) for .bss
    bsp_usart.o(i.UART5_Init) refers to stm32f10x_gpio.o(i.GPIO_Init) for GPIO_Init
    bsp_usart.o(i.UART5_Init) refers to stm32f10x_usart.o(i.USART_DeInit) for USART_DeInit
    bsp_usart.o(i.UART5_Init) refers to stm32f10x_usart.o(i.USART_Init) for USART_Init
    bsp_usart.o(i.UART5_Init) refers to stm32f10x_usart.o(i.USART_ITConfig) for USART_ITConfig
    bsp_usart.o(i.UART5_Init) refers to misc.o(i.NVIC_Init) for NVIC_Init
    bsp_usart.o(i.UART5_Init) refers to stm32f10x_usart.o(i.USART_Cmd) for USART_Cmd
    bsp_usart.o(i.UART5_Init) refers to printf6.o(i.__0printf$6) for __2printf
    bsp_usart.o(i.UART5_Init) refers to bsp_usart.o(.bss) for .bss
    bsp_usart.o(i.UART5_SendData) refers to bsp_usart.o(.data) for .data
    bsp_usart.o(i.UART5_SendData) refers to bsp_usart.o(.bss) for .bss
    bsp_usart.o(i.UART5_SendString) refers to bsp_usart.o(.data) for .data
    bsp_usart.o(i.UART5_SendString) refers to bsp_usart.o(.bss) for .bss
    bsp_usart.o(i.USART1_GetBuffer) refers to memcpya.o(.text) for __aeabi_memcpy
    bsp_usart.o(i.USART1_GetBuffer) refers to memseta.o(.text) for __aeabi_memclr
    bsp_usart.o(i.USART1_GetBuffer) refers to bsp_usart.o(.bss) for .bss
    bsp_usart.o(i.USART1_IRQHandler) refers to memcpya.o(.text) for __aeabi_memcpy
    bsp_usart.o(i.USART1_IRQHandler) refers to memseta.o(.text) for __aeabi_memclr
    bsp_usart.o(i.USART1_IRQHandler) refers to bsp_usart.o(.data) for .data
[...]
    Removing stm32f10x_adc.o(i.ADC_ResetCalibration), (10 bytes).
    Removing stm32f10x_adc.o(i.ADC_SetInjectedOffset), (12 bytes).
    Removing stm32f10x_adc.o(i.ADC_SoftwareStartConvCmd), (18 bytes).
    Removing stm32f10x_adc.o(i.ADC_SoftwareStartInjectedConvCmd), (18 bytes).
    Removing stm32f10x_adc.o(i.ADC_StartCalibration), (10 bytes).
    Removing stm32f10x_adc.o(i.ADC_StructInit), (18 bytes).
    Removing stm32f10x_adc.o(i.ADC_TempSensorVrefintCmd), (24 bytes).
    Removing stm32f10x_bkp.o(i.BKP_ClearFlag), (16 bytes).
    Removing stm32f10x_bkp.o(i.BKP_ClearITPendingBit), (16 bytes).
    Removing stm32f10x_bkp.o(i.BKP_DeInit), (18 bytes).
    Removing stm32f10x_bkp.o(i.BKP_GetFlagStatus), (12 bytes).
    Removing stm32f10x_bkp.o(i.BKP_GetITStatus), (12 bytes).
    Removing stm32f10x_bkp.o(i.BKP_ITConfig), (12 bytes).
    Removing stm32f10x_bkp.o(i.BKP_RTCOutputConfig), (20 bytes).
    Removing stm32f10x_bkp.o(i.BKP_ReadBackupRegister), (18 bytes).
    Removing stm32f10x_bkp.o(i.BKP_SetRTCCalibrationValue), (20 bytes).
    Removing stm32f10x_bkp.o(i.BKP_TamperPinCmd), (12 bytes).
    Removing stm32f10x_bkp.o(i.BKP_TamperPinLevelConfig), (12 bytes).
    Removing stm32f10x_bkp.o(i.BKP_WriteBackupRegister), (18 bytes).
    Removing stm32f10x_can.o(i.CAN_CancelTransmit), (40 bytes).
    Removing stm32f10x_can.o(i.CAN_ClearFlag), (52 bytes).
    Removing stm32f10x_can.o(i.CAN_ClearITPendingBit), (156 bytes).
    Removing stm32f10x_can.o(i.CAN_DBGFreeze), (18 bytes).
    Removing stm32f10x_can.o(i.CAN_DeInit), (58 bytes).
    Removing stm32f10x_can.o(i.CAN_FIFORelease), (22 bytes).
    Removing stm32f10x_can.o(i.CAN_FilterInit), (240 bytes).
    Removing stm32f10x_can.o(i.CAN_GetFlagStatus), (82 bytes).
    Removing stm32f10x_can.o(i.CAN_GetITStatus), (272 bytes).
    Removing stm32f10x_can.o(i.CAN_GetLSBTransmitErrorCounter), (8 bytes).
    Removing stm32f10x_can.o(i.CAN_GetLastErrorCode), (10 bytes).
    Removing stm32f10x_can.o(i.CAN_GetReceiveErrorCounter), (6 bytes).
    Removing stm32f10x_can.o(i.CAN_ITConfig), (16 bytes).
    Removing stm32f10x_can.o(i.CAN_Init), (244 bytes).
    Removing stm32f10x_can.o(i.CAN_MessagePending), (26 bytes).
    Removing stm32f10x_can.o(i.CAN_OperatingModeRequest), (138 bytes).
    Removing stm32f10x_can.o(i.CAN_Receive), (180 bytes).
    Removing stm32f10x_can.o(i.CAN_SlaveStartBank), (44 bytes).
    Removing stm32f10x_can.o(i.CAN_Sleep), (30 bytes).
    Removing stm32f10x_can.o(i.CAN_StructInit), (32 bytes).
    Removing stm32f10x_can.o(i.CAN_TTComModeCmd), (90 bytes).
    Removing stm32f10x_can.o(i.CAN_Transmit), (230 bytes).
    Removing stm32f10x_can.o(i.CAN_TransmitStatus), (124 bytes).
    Removing stm32f10x_can.o(i.CAN_WakeUp), (42 bytes).
    Removing stm32f10x_dac.o(i.DAC_Cmd), (28 bytes).
    Removing stm32f10x_dac.o(i.DAC_DMACmd), (28 bytes).
    Removing stm32f10x_dac.o(i.DAC_DeInit), (24 bytes).
    Removing stm32f10x_dac.o(i.DAC_DualSoftwareTriggerCmd), (24 bytes).
    Removing stm32f10x_dac.o(i.DAC_GetDataOutputValue), (24 bytes).
    Removing stm32f10x_dac.o(i.DAC_Init), (52 bytes).
    Removing stm32f10x_dac.o(i.DAC_SetChannel1Data), (22 bytes).
    Removing stm32f10x_dac.o(i.DAC_SetChannel2Data), (22 bytes).
    Removing stm32f10x_dac.o(i.DAC_SetDualChannelData), (24 bytes).
    Removing stm32f10x_dac.o(i.DAC_SoftwareTriggerCmd), (32 bytes).
    Removing stm32f10x_dac.o(i.DAC_StructInit), (12 bytes).
    Removing stm32f10x_dac.o(i.DAC_WaveGenerationCmd), (28 bytes).
    Removing stm32f10x_dbgmcu.o(i.DBGMCU_Config), (24 bytes).
    Removing stm32f10x_dbgmcu.o(i.DBGMCU_GetDEVID), (16 bytes).
    Removing stm32f10x_dbgmcu.o(i.DBGMCU_GetREVID), (12 bytes).
    Removing stm32f10x_dma.o(i.DMA_ClearFlag), (24 bytes).
    Removing stm32f10x_dma.o(i.DMA_ClearITPendingBit), (24 bytes).
    Removing stm32f10x_dma.o(i.DMA_Cmd), (20 bytes).
    Removing stm32f10x_dma.o(i.DMA_DeInit), (260 bytes).
    Removing stm32f10x_dma.o(i.DMA_GetCurrDataCounter), (6 bytes).
    Removing stm32f10x_dma.o(i.DMA_GetFlagStatus), (32 bytes).
    Removing stm32f10x_dma.o(i.DMA_GetITStatus), (32 bytes).
    Removing stm32f10x_dma.o(i.DMA_ITConfig), (16 bytes).
    Removing stm32f10x_dma.o(i.DMA_Init), (82 bytes).
    Removing stm32f10x_dma.o(i.DMA_SetCurrDataCounter), (4 bytes).
    Removing stm32f10x_dma.o(i.DMA_StructInit), (26 bytes).
    Removing stm32f10x_exti.o(i.EXTI_ClearITPendingBit), (12 bytes).
    Removing stm32f10x_exti.o(i.EXTI_DeInit), (40 bytes).
    Removing stm32f10x_exti.o(i.EXTI_GenerateSWInterrupt), (16 bytes).
    Removing stm32f10x_exti.o(i.EXTI_GetFlagStatus), (20 bytes).
    Removing stm32f10x_exti.o(i.EXTI_StructInit), (14 bytes).
    Removing stm32f10x_flash.o(i.FLASH_ClearFlag), (12 bytes).
    Removing stm32f10x_flash.o(i.FLASH_EnableWriteProtection), (184 bytes).
    Removing stm32f10x_flash.o(i.FLASH_EraseAllBank1Pages), (60 bytes).
    Removing stm32f10x_flash.o(i.FLASH_EraseAllPages), (60 bytes).
    Removing stm32f10x_flash.o(i.FLASH_EraseOptionBytes), (140 bytes).
    Removing stm32f10x_flash.o(i.FLASH_ErasePage), (64 bytes).
    Removing stm32f10x_flash.o(i.FLASH_GetBank1Status), (44 bytes).
    Removing stm32f10x_flash.o(i.FLASH_GetFlagStatus), (40 bytes).
    Removing stm32f10x_flash.o(i.FLASH_GetPrefetchBufferStatus), (20 bytes).
    Removing stm32f10x_flash.o(i.FLASH_GetReadOutProtectionStatus), (20 bytes).
    Removing stm32f10x_flash.o(i.FLASH_GetStatus), (44 bytes).
    Removing stm32f10x_flash.o(i.FLASH_GetUserOptionByte), (12 bytes).
    Removing stm32f10x_flash.o(i.FLASH_GetWriteProtectionOptionByte), (12 bytes).
    Removing stm32f10x_flash.o(i.FLASH_HalfCycleAccessCmd), (24 bytes).
    Removing stm32f10x_flash.o(i.FLASH_ITConfig), (24 bytes).
    Removing stm32f10x_flash.o(i.FLASH_Lock), (16 bytes).
    Removing stm32f10x_flash.o(i.FLASH_LockBank1), (16 bytes).
    Removing stm32f10x_flash.o(i.FLASH_PrefetchBufferCmd), (24 bytes).
    Removing stm32f10x_flash.o(i.FLASH_ProgramHalfWord), (56 bytes).
    Removing stm32f10x_flash.o(i.FLASH_ProgramOptionByteData), (80 bytes).
    Removing stm32f10x_flash.o(i.FLASH_ProgramWord), (80 bytes).
    Removing stm32f10x_flash.o(i.FLASH_ReadOutProtection), (140 bytes).
    Removing stm32f10x_flash.o(i.FLASH_SetLatency), (20 bytes).
    Removing stm32f10x_flash.o(i.FLASH_Unlock), (24 bytes).
    Removing stm32f10x_flash.o(i.FLASH_UnlockBank1), (24 bytes).
    Removing stm32f10x_flash.o(i.FLASH_UserOptionByteConfig), (96 bytes).
    Removing stm32f10x_flash.o(i.FLASH_WaitForLastBank1Operation), (100 bytes).
    Removing stm32f10x_flash.o(i.FLASH_WaitForLastOperation), (100 bytes).
    Removing stm32f10x_gpio.o(i.GPIO_AFIODeInit), (22 bytes).
    Removing stm32f10x_gpio.o(i.GPIO_DeInit), (216 bytes).
    Removing stm32f10x_gpio.o(i.GPIO_ETH_MediaInterfaceConfig), (12 bytes).
    Removing stm32f10x_gpio.o(i.GPIO_EXTILineConfig), (40 bytes).
    Removing stm32f10x_gpio.o(i.GPIO_EventOutputCmd), (12 bytes).
    Removing stm32f10x_gpio.o(i.GPIO_EventOutputConfig), (28 bytes).
    Removing stm32f10x_gpio.o(i.GPIO_PinLockConfig), (16 bytes).
    Removing stm32f10x_gpio.o(i.GPIO_PinRemapConfig), (108 bytes).
    Removing stm32f10x_gpio.o(i.GPIO_ReadInputData), (6 bytes).
    Removing stm32f10x_gpio.o(i.GPIO_ReadInputDataBit), (14 bytes).
    Removing stm32f10x_gpio.o(i.GPIO_ReadOutputData), (6 bytes).
    Removing stm32f10x_gpio.o(i.GPIO_ReadOutputDataBit), (14 bytes).
    Removing stm32f10x_gpio.o(i.GPIO_ResetBits), (4 bytes).
    Removing stm32f10x_gpio.o(i.GPIO_SetBits), (4 bytes).
    Removing stm32f10x_gpio.o(i.GPIO_StructInit), (16 bytes).
    Removing stm32f10x_gpio.o(i.GPIO_Write), (4 bytes).
    Removing stm32f10x_gpio.o(i.GPIO_WriteBit), (10 bytes).
    Removing stm32f10x_i2c.o(i.I2C_ARPCmd), (18 bytes).
    Removing stm32f10x_i2c.o(i.I2C_AcknowledgeConfig), (18 bytes).
    Removing stm32f10x_i2c.o(i.I2C_CalculatePEC), (18 bytes).
    Removing stm32f10x_i2c.o(i.I2C_CheckEvent), (26 bytes).
    Removing stm32f10x_i2c.o(i.I2C_ClearFlag), (6 bytes).
    Removing stm32f10x_i2c.o(i.I2C_ClearITPendingBit), (6 bytes).
    Removing stm32f10x_i2c.o(i.I2C_Cmd), (18 bytes).
    Removing stm32f10x_i2c.o(i.I2C_DMACmd), (18 bytes).
    Removing stm32f10x_i2c.o(i.I2C_DMALastTransferCmd), (18 bytes).
    Removing stm32f10x_i2c.o(i.I2C_DeInit), (58 bytes).
    Removing stm32f10x_i2c.o(i.I2C_DualAddressCmd), (18 bytes).
    Removing stm32f10x_i2c.o(i.I2C_FastModeDutyCycleConfig), (20 bytes).
    Removing stm32f10x_i2c.o(i.I2C_GeneralCallCmd), (18 bytes).
    Removing stm32f10x_i2c.o(i.I2C_GenerateSTART), (18 bytes).
    Removing stm32f10x_i2c.o(i.I2C_GenerateSTOP), (18 bytes).
    Removing stm32f10x_i2c.o(i.I2C_GetFlagStatus), (42 bytes).
    Removing stm32f10x_i2c.o(i.I2C_GetITStatus), (34 bytes).
    Removing stm32f10x_i2c.o(i.I2C_GetLastEvent), (14 bytes).
    Removing stm32f10x_i2c.o(i.I2C_GetPEC), (6 bytes).
    Removing stm32f10x_i2c.o(i.I2C_ITConfig), (16 bytes).
    Removing stm32f10x_i2c.o(i.I2C_Init), (196 bytes).
    Removing stm32f10x_i2c.o(i.I2C_NACKPositionConfig), (20 bytes).
    Removing stm32f10x_i2c.o(i.I2C_OwnAddress2Config), (16 bytes).
    Removing stm32f10x_i2c.o(i.I2C_PECPositionConfig), (20 bytes).
    Removing stm32f10x_i2c.o(i.I2C_ReadRegister), (12 bytes).
    Removing stm32f10x_i2c.o(i.I2C_ReceiveData), (6 bytes).
    Removing stm32f10x_i2c.o(i.I2C_SMBusAlertConfig), (20 bytes).
    Removing stm32f10x_i2c.o(i.I2C_Send7bitAddress), (16 bytes).
    Removing stm32f10x_i2c.o(i.I2C_SendData), (4 bytes).
    Removing stm32f10x_i2c.o(i.I2C_SoftwareResetCmd), (18 bytes).
    Removing stm32f10x_i2c.o(i.I2C_StretchClockCmd), (18 bytes).
    Removing stm32f10x_i2c.o(i.I2C_StructInit), (28 bytes).
    Removing stm32f10x_i2c.o(i.I2C_TransmitPEC), (18 bytes).
    Removing stm32f10x_iwdg.o(i.IWDG_Enable), (16 bytes).
    Removing stm32f10x_iwdg.o(i.IWDG_GetFlagStatus), (20 bytes).
    Removing stm32f10x_iwdg.o(i.IWDG_ReloadCounter), (16 bytes).
    Removing stm32f10x_iwdg.o(i.IWDG_SetPrescaler), (12 bytes).
    Removing stm32f10x_iwdg.o(i.IWDG_SetReload), (12 bytes).
    Removing stm32f10x_iwdg.o(i.IWDG_WriteAccessCmd), (12 bytes).
    Removing stm32f10x_pwr.o(i.PWR_BackupAccessCmd), (12 bytes).
    Removing stm32f10x_pwr.o(i.PWR_ClearFlag), (16 bytes).
    Removing stm32f10x_pwr.o(i.PWR_DeInit), (24 bytes).
    Removing stm32f10x_pwr.o(i.PWR_EnterSTANDBYMode), (40 bytes).
    Removing stm32f10x_pwr.o(i.PWR_EnterSTOPMode), (48 bytes).
    Removing stm32f10x_pwr.o(i.PWR_GetFlagStatus), (20 bytes).
    Removing stm32f10x_pwr.o(i.PWR_PVDCmd), (12 bytes).
    Removing stm32f10x_pwr.o(i.PWR_PVDLevelConfig), (20 bytes).
    Removing stm32f10x_pwr.o(i.PWR_WakeUpPinCmd), (12 bytes).
    Removing stm32f10x_rcc.o(i.RCC_ADCCLKConfig), (20 bytes).
    Removing stm32f10x_rcc.o(i.RCC_AHBPeriphClockCmd), (24 bytes).
    Removing stm32f10x_rcc.o(i.RCC_APB1PeriphClockCmd), (24 bytes).
    Removing stm32f10x_rcc.o(i.RCC_AdjustHSICalibrationValue), (20 bytes).
    Removing stm32f10x_rcc.o(i.RCC_BackupResetCmd), (12 bytes).
    Removing stm32f10x_rcc.o(i.RCC_ClearFlag), (16 bytes).
    Removing stm32f10x_rcc.o(i.RCC_ClearITPendingBit), (12 bytes).
    Removing stm32f10x_rcc.o(i.RCC_ClockSecuritySystemCmd), (12 bytes).
    Removing stm32f10x_rcc.o(i.RCC_DeInit), (64 bytes).
    Removing stm32f10x_rcc.o(i.RCC_GetFlagStatus), (48 bytes).
    Removing stm32f10x_rcc.o(i.RCC_GetITStatus), (20 bytes).
    Removing stm32f10x_rcc.o(i.RCC_GetSYSCLKSource), (16 bytes).
    Removing stm32f10x_rcc.o(i.RCC_HCLKConfig), (20 bytes).
    Removing stm32f10x_rcc.o(i.RCC_HSEConfig), (56 bytes).
    Removing stm32f10x_rcc.o(i.RCC_HSICmd), (12 bytes).
    Removing stm32f10x_rcc.o(i.RCC_ITConfig), (24 bytes).
    Removing stm32f10x_rcc.o(i.RCC_LSEConfig), (36 bytes).
    Removing stm32f10x_rcc.o(i.RCC_LSICmd), (12 bytes).
    Removing stm32f10x_rcc.o(i.RCC_MCOConfig), (12 bytes).
    Removing stm32f10x_rcc.o(i.RCC_PCLK1Config), (20 bytes).
    Removing stm32f10x_rcc.o(i.RCC_PCLK2Config), (20 bytes).
    Removing stm32f10x_rcc.o(i.RCC_PLLCmd), (12 bytes).
    Removing stm32f10x_rcc.o(i.RCC_PLLConfig), (20 bytes).
    Removing stm32f10x_rcc.o(i.RCC_RTCCLKCmd), (12 bytes).
    Removing stm32f10x_rcc.o(i.RCC_RTCCLKConfig), (16 bytes).
    Removing stm32f10x_rcc.o(i.RCC_SYSCLKConfig), (20 bytes).
    Removing stm32f10x_rcc.o(i.RCC_USBCLKConfig), (12 bytes).
    Removing stm32f10x_rcc.o(i.RCC_WaitForHSEStartUp), (56 bytes).
    Removing stm32f10x_rtc.o(i.RTC_ClearFlag), (16 bytes).
    Removing stm32f10x_rtc.o(i.RTC_ClearITPendingBit), (16 bytes).
    Removing stm32f10x_rtc.o(i.RTC_EnterConfigMode), (16 bytes).
    Removing stm32f10x_rtc.o(i.RTC_ExitConfigMode), (16 bytes).
    Removing stm32f10x_rtc.o(i.RTC_GetCounter), (24 bytes).
    Removing stm32f10x_rtc.o(i.RTC_GetDivider), (24 bytes).
    Removing stm32f10x_rtc.o(i.RTC_GetFlagStatus), (20 bytes).
    Removing stm32f10x_rtc.o(i.RTC_GetITStatus), (32 bytes).
    Removing stm32f10x_rtc.o(i.RTC_ITConfig), (24 bytes).
    Removing stm32f10x_rtc.o(i.RTC_SetAlarm), (40 bytes).
    Removing stm32f10x_rtc.o(i.RTC_SetCounter), (40 bytes).
    Removing stm32f10x_rtc.o(i.RTC_SetPrescaler), (36 bytes).
    Removing stm32f10x_rtc.o(i.RTC_WaitForLastTask), (16 bytes).
    Removing stm32f10x_rtc.o(i.RTC_WaitForSynchro), (24 bytes).
    Removing stm32f10x_sdio.o(i.SDIO_CEATAITCmd), (20 bytes).
    Removing stm32f10x_sdio.o(i.SDIO_ClearFlag), (12 bytes).
    Removing stm32f10x_sdio.o(i.SDIO_ClearITPendingBit), (12 bytes).
    Removing stm32f10x_sdio.o(i.SDIO_ClockCmd), (12 bytes).
    Removing stm32f10x_sdio.o(i.SDIO_CmdStructInit), (14 bytes).
    Removing stm32f10x_sdio.o(i.SDIO_CommandCompletionCmd), (12 bytes).
    Removing stm32f10x_sdio.o(i.SDIO_DMACmd), (12 bytes).
    Removing stm32f10x_sdio.o(i.SDIO_DataConfig), (44 bytes).
    Removing stm32f10x_sdio.o(i.SDIO_DataStructInit), (20 bytes).
    Removing stm32f10x_sdio.o(i.SDIO_DeInit), (36 bytes).
    Removing stm32f10x_sdio.o(i.SDIO_GetCommandResponse), (12 bytes).
    Removing stm32f10x_sdio.o(i.SDIO_GetDataCounter), (12 bytes).
    Removing stm32f10x_sdio.o(i.SDIO_GetFIFOCount), (12 bytes).
    Removing stm32f10x_sdio.o(i.SDIO_GetFlagStatus), (20 bytes).
    Removing stm32f10x_sdio.o(i.SDIO_GetITStatus), (20 bytes).
    Removing stm32f10x_sdio.o(i.SDIO_GetPowerState), (16 bytes).
    Removing stm32f10x_sdio.o(i.SDIO_GetResponse), (20 bytes).
    Removing stm32f10x_sdio.o(i.SDIO_ITConfig), (24 bytes).
    Removing stm32f10x_sdio.o(i.SDIO_Init), (64 bytes).
    Removing stm32f10x_sdio.o(i.SDIO_ReadData), (12 bytes).
    Removing stm32f10x_sdio.o(i.SDIO_SendCEATACmd), (12 bytes).
    Removing stm32f10x_sdio.o(i.SDIO_SendCommand), (40 bytes).
    Removing stm32f10x_sdio.o(i.SDIO_SendSDIOSuspendCmd), (12 bytes).
    Removing stm32f10x_sdio.o(i.SDIO_SetPowerState), (24 bytes).
    Removing stm32f10x_sdio.o(i.SDIO_SetSDIOOperation), (12 bytes).
    Removing stm32f10x_sdio.o(i.SDIO_SetSDIOReadWaitMode), (12 bytes).
    Removing stm32f10x_sdio.o(i.SDIO_StartSDIOReadWait), (12 bytes).
    Removing stm32f10x_sdio.o(i.SDIO_StopSDIOReadWait), (12 bytes).
    Removing stm32f10x_sdio.o(i.SDIO_StructInit), (16 bytes).
    Removing stm32f10x_sdio.o(i.SDIO_WriteData), (12 bytes).
    Removing stm32f10x_spi.o(i.I2S_Cmd), (18 bytes).
    Removing stm32f10x_spi.o(i.I2S_Init), (176 bytes).
    Removing stm32f10x_spi.o(i.I2S_StructInit), (18 bytes).
    Removing stm32f10x_spi.o(i.SPI_BiDirectionalLineConfig), (20 bytes).
    Removing stm32f10x_spi.o(i.SPI_CalculateCRC), (18 bytes).
    Removing stm32f10x_spi.o(i.SPI_Cmd), (18 bytes).
    Removing stm32f10x_spi.o(i.SPI_DataSizeConfig), (16 bytes).
    Removing stm32f10x_spi.o(i.SPI_GetCRC), (10 bytes).
    Removing stm32f10x_spi.o(i.SPI_GetCRCPolynomial), (4 bytes).
    Removing stm32f10x_spi.o(i.SPI_I2S_ClearFlag), (6 bytes).
    Removing stm32f10x_spi.o(i.SPI_I2S_ClearITPendingBit), (16 bytes).
    Removing stm32f10x_spi.o(i.SPI_I2S_DMACmd), (16 bytes).
    Removing stm32f10x_spi.o(i.SPI_I2S_DeInit), (100 bytes).
    Removing stm32f10x_spi.o(i.SPI_I2S_GetFlagStatus), (14 bytes).
    Removing stm32f10x_spi.o(i.SPI_I2S_GetITStatus), (46 bytes).
    Removing stm32f10x_spi.o(i.SPI_I2S_ITConfig), (26 bytes).
    Removing stm32f10x_spi.o(i.SPI_I2S_ReceiveData), (4 bytes).
    Removing stm32f10x_spi.o(i.SPI_I2S_SendData), (4 bytes).
    Removing stm32f10x_spi.o(i.SPI_Init), (84 bytes).
    Removing stm32f10x_spi.o(i.SPI_NSSInternalSoftwareConfig), (22 bytes).
    Removing stm32f10x_spi.o(i.SPI_SSOutputCmd), (18 bytes).
    Removing stm32f10x_spi.o(i.SPI_StructInit), (24 bytes).
    Removing stm32f10x_spi.o(i.SPI_TransmitCRC), (10 bytes).
    Removing stm32f10x_tim.o(i.TI2_Config), (124 bytes).
    Removing stm32f10x_tim.o(i.TIM_ARRPreloadConfig), (18 bytes).
    Removing stm32f10x_tim.o(i.TIM_BDTRConfig), (36 bytes).
    Removing stm32f10x_tim.o(i.TIM_BDTRStructInit), (18 bytes).
    Removing stm32f10x_tim.o(i.TIM_CCPreloadControl), (18 bytes).
    Removing stm32f10x_tim.o(i.TIM_CCxCmd), (26 bytes).
    Removing stm32f10x_tim.o(i.TIM_CCxNCmd), (26 bytes).
    Removing stm32f10x_tim.o(i.TIM_ClearFlag), (6 bytes).
    Removing stm32f10x_tim.o(i.TIM_ClearOC1Ref), (12 bytes).
    Removing stm32f10x_tim.o(i.TIM_ClearOC2Ref), (20 bytes).
    Removing stm32f10x_tim.o(i.TIM_ClearOC3Ref), (12 bytes).
    Removing stm32f10x_tim.o(i.TIM_ClearOC4Ref), (20 bytes).
    Removing stm32f10x_tim.o(i.TIM_Cmd), (18 bytes).
    Removing stm32f10x_tim.o(i.TIM_CounterModeConfig), (12 bytes).
    Removing stm32f10x_tim.o(i.TIM_CtrlPWMOutputs), (22 bytes).
    Removing stm32f10x_tim.o(i.TIM_DMACmd), (16 bytes).
    Removing stm32f10x_tim.o(i.TIM_DMAConfig), (8 bytes).
    Removing stm32f10x_tim.o(i.TIM_DeInit), (550 bytes).
    Removing stm32f10x_tim.o(i.TIM_ETRClockMode1Config), (40 bytes).
    Removing stm32f10x_tim.o(i.TIM_ETRClockMode2Config), (40 bytes).
    Removing stm32f10x_tim.o(i.TIM_ETRConfig), (32 bytes).
    Removing stm32f10x_tim.o(i.TIM_EncoderInterfaceConfig), (60 bytes).
    Removing stm32f10x_tim.o(i.TIM_ForcedOC1Config), (12 bytes).
    Removing stm32f10x_tim.o(i.TIM_ForcedOC2Config), (20 bytes).
    Removing stm32f10x_tim.o(i.TIM_ForcedOC3Config), (12 bytes).
    Removing stm32f10x_tim.o(i.TIM_ForcedOC4Config), (20 bytes).
    Removing stm32f10x_tim.o(i.TIM_GenerateEvent), (4 bytes).
    Removing stm32f10x_tim.o(i.TIM_GetCapture1), (4 bytes).
    Removing stm32f10x_tim.o(i.TIM_GetCapture2), (4 bytes).
    Removing stm32f10x_tim.o(i.TIM_GetCapture3), (4 bytes).
    Removing stm32f10x_tim.o(i.TIM_GetCapture4), (6 bytes).
    Removing stm32f10x_tim.o(i.TIM_GetCounter), (4 bytes).
    Removing stm32f10x_tim.o(i.TIM_GetFlagStatus), (14 bytes).
    Removing stm32f10x_tim.o(i.TIM_GetPrescaler), (4 bytes).
    Removing stm32f10x_tim.o(i.TIM_ICInit), (444 bytes).
    Removing stm32f10x_tim.o(i.TIM_ICStructInit), (16 bytes).
    Removing stm32f10x_tim.o(i.TIM_ITConfig), (16 bytes).
    Removing stm32f10x_tim.o(i.TIM_ITRxExternalClockConfig), (20 bytes).
    Removing stm32f10x_tim.o(i.TIM_InternalClockConfig), (10 bytes).
    Removing stm32f10x_tim.o(i.TIM_OC1FastConfig), (12 bytes).
    Removing stm32f10x_tim.o(i.TIM_OC1Init), (132 bytes).
    Removing stm32f10x_tim.o(i.TIM_OC1NPolarityConfig), (12 bytes).
    Removing stm32f10x_tim.o(i.TIM_OC1PolarityConfig), (12 bytes).
    Removing stm32f10x_tim.o(i.TIM_OC1PreloadConfig), (12 bytes).
    Removing stm32f10x_tim.o(i.TIM_OC2FastConfig), (20 bytes).
    Removing stm32f10x_tim.o(i.TIM_OC2Init), (138 bytes).
    Removing stm32f10x_tim.o(i.TIM_OC2NPolarityConfig), (20 bytes).
    Removing stm32f10x_tim.o(i.TIM_OC2PolarityConfig), (20 bytes).
    Removing stm32f10x_tim.o(i.TIM_OC2PreloadConfig), (20 bytes).
    Removing stm32f10x_tim.o(i.TIM_OC3FastConfig), (12 bytes).
    Removing stm32f10x_tim.o(i.TIM_OC3Init), (140 bytes).
    Removing stm32f10x_tim.o(i.TIM_OC3NPolarityConfig), (20 bytes).
    Removing stm32f10x_tim.o(i.TIM_OC3PolarityConfig), (20 bytes).
    Removing stm32f10x_tim.o(i.TIM_OC3PreloadConfig), (12 bytes).
    Removing stm32f10x_tim.o(i.TIM_OC4FastConfig), (20 bytes).
    Removing stm32f10x_tim.o(i.TIM_OC4Init), (104 bytes).
    Removing stm32f10x_tim.o(i.TIM_OC4PolarityConfig), (20 bytes).
    Removing stm32f10x_tim.o(i.TIM_OC4PreloadConfig), (20 bytes).
    Removing stm32f10x_tim.o(i.TIM_OCStructInit), (20 bytes).
    Removing stm32f10x_tim.o(i.TIM_PWMIConfig), (344 bytes).
    Removing stm32f10x_tim.o(i.TIM_PrescalerConfig), (6 bytes).
    Removing stm32f10x_tim.o(i.TIM_SelectCCDMA), (18 bytes).
    Removing stm32f10x_tim.o(i.TIM_SelectCOM), (18 bytes).
    Removing stm32f10x_tim.o(i.TIM_SelectHallSensor), (18 bytes).
    Removing stm32f10x_tim.o(i.TIM_SelectInputTrigger), (12 bytes).
    Removing stm32f10x_tim.o(i.TIM_SelectMasterSlaveMode), (16 bytes).
    Removing stm32f10x_tim.o(i.TIM_SelectOCxM), (94 bytes).
    Removing stm32f10x_tim.o(i.TIM_SelectOnePulseMode), (16 bytes).
    Removing stm32f10x_tim.o(i.TIM_SelectOutputTrigger), (16 bytes).
    Removing stm32f10x_tim.o(i.TIM_SelectSlaveMode), (16 bytes).
    Removing stm32f10x_tim.o(i.TIM_SetAutoreload), (4 bytes).
    Removing stm32f10x_tim.o(i.TIM_SetClockDivision), (16 bytes).
    Removing stm32f10x_tim.o(i.TIM_SetCompare1), (4 bytes).
    Removing stm32f10x_tim.o(i.TIM_SetCompare2), (4 bytes).
    Removing stm32f10x_tim.o(i.TIM_SetCompare3), (4 bytes).
    Removing stm32f10x_tim.o(i.TIM_SetCompare4), (6 bytes).
    Removing stm32f10x_tim.o(i.TIM_SetCounter), (4 bytes).
    Removing stm32f10x_tim.o(i.TIM_SetIC1Prescaler), (16 bytes).
    Removing stm32f10x_tim.o(i.TIM_SetIC2Prescaler), (24 bytes).
    Removing stm32f10x_tim.o(i.TIM_SetIC3Prescaler), (16 bytes).
    Removing stm32f10x_tim.o(i.TIM_SetIC4Prescaler), (24 bytes).
    Removing stm32f10x_tim.o(i.TIM_TIxExternalClockConfig), (158 bytes).
    Removing stm32f10x_tim.o(i.TIM_TimeBaseInit), (156 bytes).
    Removing stm32f10x_tim.o(i.TIM_TimeBaseStructInit), (18 bytes).
    Removing stm32f10x_tim.o(i.TIM_UpdateDisableConfig), (18 bytes).
    Removing stm32f10x_tim.o(i.TIM_UpdateRequestConfig), (18 bytes).
    Removing stm32f10x_usart.o(i.USART_ClearFlag), (6 bytes).
    Removing stm32f10x_usart.o(i.USART_ClearITPendingBit), (14 bytes).
    Removing stm32f10x_usart.o(i.USART_ClockInit), (36 bytes).
    Removing stm32f10x_usart.o(i.USART_ClockStructInit), (12 bytes).
    Removing stm32f10x_usart.o(i.USART_DMACmd), (16 bytes).
    Removing stm32f10x_usart.o(i.USART_GetFlagStatus), (14 bytes).
    Removing stm32f10x_usart.o(i.USART_GetITStatus), (76 bytes).
    Removing stm32f10x_usart.o(i.USART_HalfDuplexCmd), (18 bytes).
    Removing stm32f10x_usart.o(i.USART_IrDACmd), (18 bytes).
    Removing stm32f10x_usart.o(i.USART_IrDAConfig), (16 bytes).
    Removing stm32f10x_usart.o(i.USART_LINBreakDetectLengthConfig), (16 bytes).
    Removing stm32f10x_usart.o(i.USART_LINCmd), (18 bytes).
    Removing stm32f10x_usart.o(i.USART_OneBitMethodCmd), (18 bytes).
    Removing stm32f10x_usart.o(i.USART_OverSampling8Cmd), (18 bytes).
    Removing stm32f10x_usart.o(i.USART_ReceiveData), (8 bytes).
    Removing stm32f10x_usart.o(i.USART_ReceiverWakeUpCmd), (18 bytes).
    Removing stm32f10x_usart.o(i.USART_SendBreak), (10 bytes).
    Removing stm32f10x_usart.o(i.USART_SendData), (8 bytes).
    Removing stm32f10x_usart.o(i.USART_SetAddress), (16 bytes).
    Removing stm32f10x_usart.o(i.USART_SetGuardTime), (16 bytes).
    Removing stm32f10x_usart.o(i.USART_SetPrescaler), (16 bytes).
    Removing stm32f10x_usart.o(i.USART_SmartCardCmd), (18 bytes).
    Removing stm32f10x_usart.o(i.USART_SmartCardNACKCmd), (18 bytes).
    Removing stm32f10x_usart.o(i.USART_StructInit), (22 bytes).
    Removing stm32f10x_usart.o(i.USART_WakeUpConfig), (16 bytes).
    Removing stm32f10x_wwdg.o(i.WWDG_ClearFlag), (12 bytes).
    Removing stm32f10x_wwdg.o(i.WWDG_DeInit), (24 bytes).
    Removing stm32f10x_wwdg.o(i.WWDG_Enable), (16 bytes).
    Removing stm32f10x_wwdg.o(i.WWDG_EnableIT), (16 bytes).
    Removing stm32f10x_wwdg.o(i.WWDG_GetFlagStatus), (12 bytes).
    Removing stm32f10x_wwdg.o(i.WWDG_SetCounter), (16 bytes).
    Removing stm32f10x_wwdg.o(i.WWDG_SetPrescaler), (20 bytes).
    Removing stm32f10x_wwdg.o(i.WWDG_SetWindowValue), (28 bytes).
    Removing event_groups.o(i.vEventGroupClearBitsCallback), (24 bytes).
    Removing event_groups.o(i.vEventGroupDelete), (46 bytes).
    Removing event_groups.o(i.vEventGroupSetBitsCallback), (106 bytes).
    Removing event_groups.o(i.xEventGroupClearBits), (26 bytes).
    Removing event_groups.o(i.xEventGroupCreate), (26 bytes).
    Removing event_groups.o(i.xEventGroupGetBitsFromISR), (26 bytes).
    Removing event_groups.o(i.xEventGroupSetBits), (108 bytes).
    Removing event_groups.o(i.xEventGroupSync), (236 bytes).
    Removing event_groups.o(i.xEventGroupWaitBits), (188 bytes).
    Removing list.o(i.vListInsertEnd), (24 bytes).
    Removing queue.o(i.prvUnlockQueue), (108 bytes).
    Removing queue.o(i.uxQueueMessagesWaiting), (18 bytes).
    Removing queue.o(i.uxQueueMessagesWaitingFromISR), (4 bytes).
    Removing queue.o(i.uxQueueSpacesAvailable), (22 bytes).
    Removing queue.o(i.vQueueDelete), (4 bytes).
    Removing queue.o(i.xQueueGenericCreate), (138 bytes).
    Removing queue.o(i.xQueueGenericReset), (148 bytes).
    Removing queue.o(i.xQueueGenericSend), (332 bytes).
    Removing queue.o(i.xQueueGenericSendFromISR), (198 bytes).
    Removing queue.o(i.xQueueGiveFromISR), (102 bytes).
    Removing queue.o(i.xQueueIsQueueEmptyFromISR), (12 bytes).
    Removing queue.o(i.xQueueIsQueueFullFromISR), (14 bytes).
    Removing queue.o(i.xQueuePeek), (276 bytes).
    Removing queue.o(i.xQueuePeekFromISR), (64 bytes).
    Removing queue.o(i.xQueueReceive), (276 bytes).
    Removing queue.o(i.xQueueReceiveFromISR), (134 bytes).
    Removing queue.o(i.xQueueSemaphoreTake), (248 bytes).
    Removing tasks.o(i.pcTaskGetName), (16 bytes).
    Removing tasks.o(i.ulTaskGenericNotifyValueClear), (44 bytes).
    Removing tasks.o(i.uxTaskGetNumberOfTasks), (12 bytes).
    Removing tasks.o(i.uxTaskPriorityGet), (32 bytes).
    Removing tasks.o(i.uxTaskPriorityGetFromISR), (40 bytes).
    Removing tasks.o(i.uxTaskResetEventItemValue), (24 bytes).
    Removing tasks.o(i.vTaskDelete), (192 bytes).
    Removing tasks.o(i.vTaskEndScheduler), (28 bytes).
    Removing tasks.o(i.vTaskInternalSetTimeOutState), (16 bytes).
    Removing tasks.o(i.vTaskMissedYield), (12 bytes).
    Removing tasks.o(i.vTaskPlaceOnEventList), (32 bytes).
    Removing tasks.o(i.vTaskPlaceOnUnorderedEventList), (88 bytes).
    Removing tasks.o(i.vTaskPrioritySet), (216 bytes).
    Removing tasks.o(i.vTaskRemoveFromUnorderedEventList), (184 bytes).
    Removing tasks.o(i.vTaskResume), (164 bytes).
    Removing tasks.o(i.vTaskSetTimeOutState), (32 bytes).
    Removing tasks.o(i.vTaskSuspend), (256 bytes).
    Removing tasks.o(i.xTaskCatchUpTicks), (40 bytes).
    Removing tasks.o(i.xTaskCheckForTimeOut), (96 bytes).
    Removing tasks.o(i.xTaskDelayUntil), (92 bytes).
    Removing tasks.o(i.xTaskGenericNotify), (256 bytes).
    Removing tasks.o(i.xTaskGenericNotifyFromISR), (312 bytes).
    Removing tasks.o(i.xTaskGenericNotifyStateClear), (52 bytes).
    Removing tasks.o(i.xTaskGenericNotifyWait), (168 bytes).
    Removing tasks.o(i.xTaskGetCurrentTaskHandle), (12 bytes).
    Removing tasks.o(i.xTaskGetTickCount), (12 bytes).
    Removing tasks.o(i.xTaskGetTickCountFromISR), (12 bytes).
    Removing tasks.o(i.xTaskRemoveFromEventList), (220 bytes).
    Removing tasks.o(i.xTaskResumeFromISR), (180 bytes).
    Removing port.o(i.vPortEndScheduler), (2 bytes).
    Removing heap_4.o(i.pvPortCalloc), (38 bytes).
    Removing heap_4.o(i.vPortGetHeapStats), (120 bytes).
    Removing heap_4.o(i.vPortInitialiseBlocks), (2 bytes).
    Removing heap_4.o(i.xPortGetFreeHeapSize), (12 bytes).
    Removing heap_4.o(i.xPortGetMinimumEverFreeHeapSize), (12 bytes).
    Removing fadd.o(.text), (176 bytes).
    Removing fmul.o(.text), (100 bytes).
    Removing ffltui.o(.text), (10 bytes).
    Removing ffixui.o(.text), (40 bytes).
    Removing fepilogue.o(.text), (110 bytes).
    Removing dadd.o(.text), (334 bytes).
    Removing dmul.o(.text), (228 bytes).
    Removing ddiv.o(.text), (222 bytes).
    Removing dfixul.o(.text), (48 bytes).
    Removing cdrcmple.o(.text), (48 bytes).
    Removing depilogue.o(.text), (186 bytes).

538 unused section(s) (total 45460 bytes) removed from the image.

==============================================================================

Image Symbol Table

    Local Symbols

    Symbol Name                              Value     Ov Type        Size  Object(Section)

    ../clib/microlib/division.c              0x00000000   Number         0  uidiv.o ABSOLUTE
    ../clib/microlib/division.c              0x00000000   Number         0  uldiv.o ABSOLUTE
    ../clib/microlib/init/entry.s            0x00000000   Number         0  entry7a.o ABSOLUTE
    ../clib/microlib/init/entry.s            0x00000000   Number         0  entry5.o ABSOLUTE
    ../clib/microlib/init/entry.s            0x00000000   Number         0  entry11b.o ABSOLUTE
    ../clib/microlib/init/entry.s            0x00000000   Number         0  entry12a.o ABSOLUTE
    ../clib/microlib/init/entry.s            0x00000000   Number         0  entry12b.o ABSOLUTE
    ../clib/microlib/init/entry.s            0x00000000   Number         0  entry11a.o ABSOLUTE
    ../clib/microlib/init/entry.s            0x00000000   Number         0  entry.o ABSOLUTE
    ../clib/microlib/init/entry.s            0x00000000   Number         0  entry8a.o ABSOLUTE
    ../clib/microlib/init/entry.s            0x00000000   Number         0  entry8b.o ABSOLUTE
    ../clib/microlib/init/entry.s            0x00000000   Number         0  entry9a.o ABSOLUTE
    ../clib/microlib/init/entry.s            0x00000000   Number         0  entry9b.o ABSOLUTE
    ../clib/microlib/init/entry.s            0x00000000   Number         0  entry10a.o ABSOLUTE
    ../clib/microlib/init/entry.s            0x00000000   Number         0  entry7b.o ABSOLUTE
    ../clib/microlib/init/entry.s            0x00000000   Number         0  entry10b.o ABSOLUTE
    ../clib/microlib/init/entry.s            0x00000000   Number         0  entry2.o ABSOLUTE
    ../clib/microlib/longlong.c              0x00000000   Number         0  llushr.o ABSOLUTE
    ../clib/microlib/longlong.c              0x00000000   Number         0  llsshr.o ABSOLUTE
    ../clib/microlib/longlong.c              0x00000000   Number         0  llshl.o ABSOLUTE
    ../clib/microlib/printf/printf.c         0x00000000   Number         0  printf5.o ABSOLUTE
    ../clib/microlib/printf/printf.c         0x00000000   Number         0  printf1.o ABSOLUTE
    ../clib/microlib/printf/printf.c         0x00000000   Number         0  printf3.o ABSOLUTE
    ../clib/microlib/printf/printf.c         0x00000000   Number         0  printf6.o ABSOLUTE
    ../clib/microlib/printf/printf.c         0x00000000   Number         0  printf0.o ABSOLUTE
    ../clib/microlib/printf/printf.c         0x00000000   Number         0  printfb.o ABSOLUTE
    ../clib/microlib/printf/printf.c         0x00000000   Number         0  printfa.o ABSOLUTE
    ../clib/microlib/printf/printf.c         0x00000000   Number         0  printf8.o ABSOLUTE
    ../clib/microlib/printf/printf.c         0x00000000   Number         0  printf4.o ABSOLUTE
    ../clib/microlib/printf/printf.c         0x00000000   Number         0  printf7.o ABSOLUTE
    ../clib/microlib/printf/printf.c         0x00000000   Number         0  printf2.o ABSOLUTE
    ../clib/microlib/printf/stubs.s          0x00000000   Number         0  stubs.o ABSOLUTE
    ../clib/microlib/string/memcpy.c         0x00000000   Number         0  memcpyb.o ABSOLUTE
    ../clib/microlib/string/memcpy.c         0x00000000   Number         0  memcpya.o ABSOLUTE
    ../clib/microlib/string/memset.c         0x00000000   Number         0  memseta.o ABSOLUTE
    ../clib/microlib/stubs.s                 0x00000000   Number         0  useno.o ABSOLUTE
    ../clib/microlib/stubs.s                 0x00000000   Number         0  iusefp.o ABSOLUTE
    ../fplib/microlib/fpadd.c                0x00000000   Number         0  dadd.o ABSOLUTE
    ../fplib/microlib/fpadd.c                0x00000000   Number         0  fadd.o ABSOLUTE
    ../fplib/microlib/fpdiv.c                0x00000000   Number         0  ddiv.o ABSOLUTE
    ../fplib/microlib/fpepilogue.c           0x00000000   Number         0  depilogue.o ABSOLUTE
    ../fplib/microlib/fpepilogue.c           0x00000000   Number         0  fepilogue.o ABSOLUTE
    ../fplib/microlib/fpfix.c                0x00000000   Number         0  dfixul.o ABSOLUTE
    ../fplib/microlib/fpfix.c                0x00000000   Number         0  ffixui.o ABSOLUTE
    ../fplib/microlib/fpflt.c                0x00000000   Number         0  ffltui.o ABSOLUTE
    ../fplib/microlib/fpmul.c                0x00000000   Number         0  fmul.o ABSOLUTE
    ../fplib/microlib/fpmul.c                0x00000000   Number         0  dmul.o ABSOLUTE
    ..\FreeRTOS\croutine.c                   0x00000000   Number         0  croutine.o ABSOLUTE
    ..\FreeRTOS\event_groups.c               0x00000000   Number         0  event_groups.o ABSOLUTE
    ..\FreeRTOS\list.c                       0x00000000   Number         0  list.o ABSOLUTE
    ..\FreeRTOS\portable\MemMang\heap_4.c    0x00000000   Number         0  heap_4.o ABSOLUTE
    ..\FreeRTOS\portable\RVDS\ARM_CM3\port.c 0x00000000   Number         0  port.o ABSOLUTE
    ..\FreeRTOS\queue.c                      0x00000000   Number         0  queue.o ABSOLUTE
    ..\FreeRTOS\tasks.c                      0x00000000   Number         0  tasks.o ABSOLUTE
    ..\FreeRTOS\timers.c                     0x00000000   Number         0  timers.o ABSOLUTE
    ..\Libraries\CMSIS\core_cm3.c            0x00000000   Number         0  core_cm3.o ABSOLUTE
    ..\Libraries\CMSIS\startup\startup_stm32f10x_hd.s 0x00000000   Number         0  startup_stm32f10x_hd.o ABSOLUTE
    ..\Libraries\CMSIS\system_stm32f10x.c    0x00000000   Number         0  system_stm32f10x.o ABSOLUTE
    ..\Libraries\FWlib\src\misc.c            0x00000000   Number         0  misc.o ABSOLUTE
    ..\Libraries\FWlib\src\stm32f10x_adc.c   0x00000000   Number         0  stm32f10x_adc.o ABSOLUTE
    ..\Libraries\FWlib\src\stm32f10x_bkp.c   0x00000000   Number         0  stm32f10x_bkp.o ABSOLUTE
    ..\Libraries\FWlib\src\stm32f10x_can.c   0x00000000   Number         0  stm32f10x_can.o ABSOLUTE
    ..\Libraries\FWlib\src\stm32f10x_dac.c   0x00000000   Number         0  stm32f10x_dac.o ABSOLUTE
    ..\Libraries\FWlib\src\stm32f10x_dbgmcu.c 0x00000000   Number         0  stm32f10x_dbgmcu.o ABSOLUTE
    ..\Libraries\FWlib\src\stm32f10x_dma.c   0x00000000   Number         0  stm32f10x_dma.o ABSOLUTE
    ..\Libraries\FWlib\src\stm32f10x_exti.c  0x00000000   Number         0  stm32f10x_exti.o ABSOLUTE
    ..\Libraries\FWlib\src\stm32f10x_flash.c 0x00000000   Number         0  stm32f10x_flash.o ABSOLUTE
    ..\Libraries\FWlib\src\stm32f10x_gpio.c  0x00000000   Number         0  stm32f10x_gpio.o ABSOLUTE
    ..\Libraries\FWlib\src\stm32f10x_i2c.c   0x00000000   Number         0  stm32f10x_i2c.o ABSOLUTE
    ..\Libraries\FWlib\src\stm32f10x_iwdg.c  0x00000000   Number         0  stm32f10x_iwdg.o ABSOLUTE
    ..\Libraries\FWlib\src\stm32f10x_pwr.c   0x00000000   Number         0  stm32f10x_pwr.o ABSOLUTE
    ..\Libraries\FWlib\src\stm32f10x_rcc.c   0x00000000   Number         0  stm32f10x_rcc.o ABSOLUTE
    ..\Libraries\FWlib\src\stm32f10x_rtc.c   0x00000000   Number         0  stm32f10x_rtc.o ABSOLUTE
    ..\Libraries\FWlib\src\stm32f10x_sdio.c  0x00000000   Number         0  stm32f10x_sdio.o ABSOLUTE
    ..\Libraries\FWlib\src\stm32f10x_spi.c   0x00000000   Number         0  stm32f10x_spi.o ABSOLUTE
    ..\Libraries\FWlib\src\stm32f10x_tim.c   0x00000000   Number         0  stm32f10x_tim.o ABSOLUTE
    ..\Libraries\FWlib\src\stm32f10x_usart.c 0x00000000   Number         0  stm32f10x_usart.o ABSOLUTE
    ..\Libraries\FWlib\src\stm32f10x_wwdg.c  0x00000000   Number         0  stm32f10x_wwdg.o ABSOLUTE
    ..\System\system_f103.c                  0x00000000   Number         0  system_f103.o ABSOLUTE
    ..\User\main.c                           0x00000000   Number         0  main.o ABSOLUTE
    ..\User\stm32f10x_it.c                   0x00000000   Number         0  stm32f10x_it.o ABSOLUTE
    ..\\FreeRTOS\\portable\\RVDS\\ARM_CM3\\port.c 0x00000000   Number         0  port.o ABSOLUTE
    ..\\Libraries\\CMSIS\\core_cm3.c         0x00000000   Number         0  core_cm3.o ABSOLUTE
    ..\bsp\Key\bsp_key.c                     0x00000000   Number         0  bsp_key.o ABSOLUTE
    ..\bsp\LED\bsp_led.c                     0x00000000   Number         0  bsp_led.o ABSOLUTE
    ..\bsp\PWM\bsp_pwm.c                     0x00000000   Number         0  bsp_pwm.o ABSOLUTE
    ..\bsp\RTOS\bsp_rtos.c                   0x00000000   Number         0  bsp_rtos.o ABSOLUTE
    ..\bsp\Timer\bsp_timer.c                 0x00000000   Number         0  bsp_timer.o ABSOLUTE
    ..\bsp\USART\bsp_usart.c                 0x00000000   Number         0  bsp_usart.o ABSOLUTE
    cdrcmple.s                               0x00000000   Number         0  cdrcmple.o ABSOLUTE
    dc.s                                     0x00000000   Number         0  dc.o ABSOLUTE
    handlers.s                               0x00000000   Number         0  handlers.o ABSOLUTE
    init.s                                   0x00000000   Number         0  init.o ABSOLUTE
    RESET                                    0x08000000   Section      304  startup_stm32f10x_hd.o(RESET)
    .ARM.Collect$$$$00000000                 0x08000130   Section        0  entry.o(.ARM.Collect$$$$00000000)
    .ARM.Collect$$$$00000001                 0x08000130   Section        4  entry2.o(.ARM.Collect$$$$00000001)
    .ARM.Collect$$$$00000004                 0x08000134   Section        4  entry5.o(.ARM.Collect$$$$00000004)
    .ARM.Collect$$$$00000008                 0x08000138   Section        0  entry7b.o(.ARM.Collect$$$$00000008)
    .ARM.Collect$$$$0000000A                 0x08000138   Section        0  entry8b.o(.ARM.Collect$$$$0000000A)
    .ARM.Collect$$$$0000000B                 0x08000138   Section        8  entry9a.o(.ARM.Collect$$$$0000000B)
    .ARM.Collect$$$$0000000E                 0x08000140   Section        4  entry12b.o(.ARM.Collect$$$$0000000E)
    .ARM.Collect$$$$0000000F                 0x08000144   Section        0  entry10a.o(.ARM.Collect$$$$0000000F)
    .ARM.Collect$$$$00000011                 0x08000144   Section        0  entry11a.o(.ARM.Collect$$$$00000011)
    .ARM.Collect$$$$00002712                 0x08000144   Section        4  entry2.o(.ARM.Collect$$$$00002712)
    __lit__00000000                          0x08000144   Data           4  entry2.o(.ARM.Collect$$$$00002712)
    .emb_text                                0x08000148   Section      150  port.o(.emb_text)
    .text                                    0x080001e0   Section       36  startup_stm32f10x_hd.o(.text)
    .text                                    0x08000204   Section        0  memcpya.o(.text)
    .text                                    0x08000228   Section        0  memseta.o(.text)
    .text                                    0x0800024c   Section        0  uidiv.o(.text)
    .text                                    0x08000278   Section       36  init.o(.text)
    i.AppTask                                0x0800029c   Section        0  bsp_key.o(i.AppTask)
    AppTask                                  0x0800029d   Thumb Code    46  bsp_key.o(i.AppTask)
    i.AppTask_Key                            0x080002d4   Section        0  bsp_key.o(i.AppTask_Key)
    AppTask_Key                              0x080002d5   Thumb Code    20  bsp_key.o(i.AppTask_Key)
    i.AppTask_Led                            0x08000310   Section        0  bsp_led.o(i.AppTask_Led)
    AppTask_Led                              0x08000311   Thumb Code    44  bsp_led.o(i.AppTask_Led)
    i.BusFault_Handler                       0x0800034c   Section        0  stm32f10x_it.o(i.BusFault_Handler)
    i.DebugMon_Handler                       0x0800034e   Section        0  stm32f10x_it.o(i.DebugMon_Handler)
    i.EXTI0_IRQHandler                       0x08000350   Section        0  bsp_key.o(i.EXTI0_IRQHandler)
    i.EXTI_ClearFlag                         0x080003b0   Section        0  stm32f10x_exti.o(i.EXTI_ClearFlag)
    i.EXTI_GetITStatus                       0x080003bc   Section        0  stm32f10x_exti.o(i.EXTI_GetITStatus)
    i.EXTI_Init                              0x080003dc   Section        0  stm32f10x_exti.o(i.EXTI_Init)
    i.GPIO_Init                              0x0800046c   Section        0  stm32f10x_gpio.o(i.GPIO_Init)
    i.HardFault_Handler                      0x0800051a   Section        0  stm32f10x_it.o(i.HardFault_Handler)
    i.Led_Init                               0x0800051c   Section        0  bsp_led.o(i.Led_Init)
    i.MemManage_Handler                      0x0800057c   Section        0  stm32f10x_it.o(i.MemManage_Handler)
    i.NMI_Handler                            0x0800057e   Section        0  stm32f10x_it.o(i.NMI_Handler)
    i.NVIC_Init                              0x08000580   Section        0  misc.o(i.NVIC_Init)
    i.RCC_APB1PeriphResetCmd                 0x080005f4   Section        0  stm32f10x_rcc.o(i.RCC_APB1PeriphResetCmd)
    i.RCC_APB2PeriphClockCmd                 0x0800060c   Section        0  stm32f10x_rcc.o(i.RCC_APB2PeriphClockCmd)
    i.RCC_APB2PeriphResetCmd                 0x08000624   Section        0  stm32f10x_rcc.o(i.RCC_APB2PeriphResetCmd)
    i.RCC_GetClocksFreq                      0x0800063c   Section        0  stm32f10x_rcc.o(i.RCC_GetClocksFreq)
    i.SysTick_Handler                        0x080006e8   Section        0  port.o(i.SysTick_Handler)
    i.SystemInit                             0x08000714   Section        0  system_stm32f10x.o(i.SystemInit)
    i.TIM2_IRQHandler                        0x080007e8   Section        0  bsp_timer.o(i.TIM2_IRQHandler)
    i.TIM_ClearITPendingBit                  0x08000814   Section        0  stm32f10x_tim.o(i.TIM_ClearITPendingBit)
    i.TIM_GetITStatus                        0x0800081a   Section        0  stm32f10x_tim.o(i.TIM_GetITStatus)
    i.UART4_IRQHandler                       0x08000830   Section        0  bsp_usart.o(i.UART4_IRQHandler)
    i.UART5_IRQHandler                       0x080008ec   Section        0  bsp_usart.o(i.UART5_IRQHandler)
    i.USART1_IRQHandler                      0x08000990   Section        0  bsp_usart.o(i.USART1_IRQHandler)
    i.USART1_Init                            0x08000a4c   Section        0  bsp_usart.o(i.USART1_Init)
    i.USART2_IRQHandler                      0x08000b28   Section        0  bsp_usart.o(i.USART2_IRQHandler)
    i.USART3_IRQHandler                      0x08000be4   Section        0  bsp_usart.o(i.USART3_IRQHandler)
    i.USART_Cmd                              0x08000ca0   Section        0  stm32f10x_usart.o(i.USART_Cmd)
    i.USART_DeInit                           0x08000cb2   Section        0  stm32f10x_usart.o(i.USART_DeInit)
    i.USART_ITConfig                         0x08000d56   Section        0  stm32f10x_usart.o(i.USART_ITConfig)
    i.USART_Init                             0x08000d88   Section        0  stm32f10x_usart.o(i.USART_Init)
    i.UsageFault_Handler                     0x08000e3c   Section        0  stm32f10x_it.o(i.UsageFault_Handler)
    i.__0printf$6                            0x08000e40   Section        0  printf6.o(i.__0printf$6)
    i.__scatterload_copy                     0x08000e60   Section       14  handlers.o(i.__scatterload_copy)
    i.__scatterload_null                     0x08000e6e   Section        2  handlers.o(i.__scatterload_null)
    i.__scatterload_zeroinit                 0x08000e70   Section       14  handlers.o(i.__scatterload_zeroinit)
    i._printf_core                           0x08000e80   Section        0  printf6.o(i._printf_core)
    _printf_core                             0x08000e81   Thumb Code   748  printf6.o(i._printf_core)
    i._printf_post_padding                   0x08001170   Section        0  printf6.o(i._printf_post_padding)
    _printf_post_padding                     0x08001171   Thumb Code    36  printf6.o(i._printf_post_padding)
    i._printf_pre_padding                    0x08001194   Section        0  printf6.o(i._printf_pre_padding)
    _printf_pre_padding                      0x08001195   Thumb Code    46  printf6.o(i._printf_pre_padding)
    i.createTask                             0x080011c4   Section        0  bsp_rtos.o(i.createTask)
    i.createTask_Key                         0x080011e8   Section        0  bsp_key.o(i.createTask_Key)
    i.createTask_Led                         0x08001244   Section        0  bsp_led.o(i.createTask_Led)
    i.fputc                                  0x0800127c   Section        0  bsp_usart.o(i.fputc)
    i.key_init                               0x08001298   Section        0  bsp_key.o(i.key_init)
    i.main                                   0x08001318   Section        0  main.o(i.main)
    i.prvAddCurrentTaskToDelayedList         0x0800138c   Section        0  tasks.o(i.prvAddCurrentTaskToDelayedList)
    prvAddCurrentTaskToDelayedList           0x0800138d   Thumb Code   136  tasks.o(i.prvAddCurrentTaskToDelayedList)
    i.prvIdleTask                            0x0800141c   Section        0  tasks.o(i.prvIdleTask)
    prvIdleTask                              0x0800141d   Thumb Code    88  tasks.o(i.prvIdleTask)
    i.prvTaskExitError                       0x08001480   Section        0  port.o(i.prvTaskExitError)
    prvTaskExitError                         0x08001481   Thumb Code    16  port.o(i.prvTaskExitError)
    i.pvPortMalloc                           0x08001490   Section        0  heap_4.o(i.pvPortMalloc)
    i.pxPortInitialiseStack                  0x080015cc   Section        0  port.o(i.pxPortInitialiseStack)
    i.ulTaskGenericNotifyTake                0x080015f0   Section        0  tasks.o(i.ulTaskGenericNotifyTake)
    i.uxListRemove                           0x08001674   Section        0  list.o(i.uxListRemove)
    i.vListInitialise                        0x0800169a   Section        0  list.o(i.vListInitialise)
    i.vListInitialiseItem                    0x080016b0   Section        0  list.o(i.vListInitialiseItem)
    i.vListInsert                            0x080016b8   Section        0  list.o(i.vListInsert)
    i.vPortEnterCritical                     0x080016f4   Section        0  port.o(i.vPortEnterCritical)
    i.vPortExitCritical                      0x08001710   Section        0  port.o(i.vPortExitCritical)
    i.vPortFree                              0x08001728   Section        0  heap_4.o(i.vPortFree)
    i.vPortSetupTimerInterrupt               0x080017b4   Section        0  port.o(i.vPortSetupTimerInterrupt)
    i.vTaskDelay                             0x080017cc   Section        0  tasks.o(i.vTaskDelay)
    i.vTaskGenericNotifyGiveFromISR          0x08001804   Section        0  tasks.o(i.vTaskGenericNotifyGiveFromISR)
    i.vTaskStartScheduler                    0x0800191c   Section        0  tasks.o(i.vTaskStartScheduler)
    i.vTaskSuspendAll                        0x08001974   Section        0  tasks.o(i.vTaskSuspendAll)
    i.vTaskSwitchContext                     0x08001984   Section        0  tasks.o(i.vTaskSwitchContext)
    i.xPortStartScheduler                    0x080019cc   Section        0  port.o(i.xPortStartScheduler)
    i.xTaskCreate                            0x080019fc   Section        0  tasks.o(i.xTaskCreate)
    i.xTaskIncrementTick                     0x08001b90   Section        0  tasks.o(i.xTaskIncrementTick)
    i.xTaskResumeAll                         0x08001d00   Section        0  tasks.o(i.xTaskResumeAll)
    .conststring                             0x08001e3c   Section       13  bsp_key.o(.conststring)
    .data                                    0x20000000   Section        4  bsp_led.o(.data)
    .data                                    0x20000004   Section       22  bsp_usart.o(.data)
    U1TxCounter                              0x20000004   Data           1  bsp_usart.o(.data)
    U1TxCount                                0x20000005   Data           1  bsp_usart.o(.data)
    U2TxCounter                              0x20000006   Data           1  bsp_usart.o(.data)
    U2TxCount                                0x20000007   Data           1  bsp_usart.o(.data)
    U3TxCounter                              0x20000008   Data           1  bsp_usart.o(.data)
    U3TxCount                                0x20000009   Data           1  bsp_usart.o(.data)
    U4TxCounter                              0x2000000a   Data           1  bsp_usart.o(.data)
    U4TxCount                                0x2000000b   Data           1  bsp_usart.o(.data)
    U5TxCounter                              0x2000000c   Data           1  bsp_usart.o(.data)
    U5TxCount                                0x2000000d   Data           1  bsp_usart.o(.data)
    Flag_DmaTxInit                           0x2000000e   Data           1  bsp_usart.o(.data)
    cnt                                      0x20000010   Data           2  bsp_usart.o(.data)
    cnt                                      0x20000012   Data           2  bsp_usart.o(.data)
    cnt                                      0x20000014   Data           2  bsp_usart.o(.data)
    cnt                                      0x20000016   Data           2  bsp_usart.o(.data)
    cnt                                      0x20000018   Data           2  bsp_usart.o(.data)
    .data                                    0x2000001c   Section        4  bsp_usart.o(.data)
    .data                                    0x20000020   Section        4  bsp_rtos.o(.data)
    .data                                    0x20000024   Section       16  bsp_key.o(.data)
    .data                                    0x20000034   Section       20  stm32f10x_rcc.o(.data)
    ADCPrescTable                            0x20000034   Data           4  stm32f10x_rcc.o(.data)
    APBAHBPrescTable                         0x20000038   Data          16  stm32f10x_rcc.o(.data)
    .data                                    0x20000048   Section       64  tasks.o(.data)
    uxDeletedTasksWaitingCleanUp             0x2000004c   Data           4  tasks.o(.data)
    uxCurrentNumberOfTasks                   0x20000050   Data           4  tasks.o(.data)
    xTickCount                               0x20000054   Data           4  tasks.o(.data)
    uxTopReadyPriority                       0x20000058   Data           4  tasks.o(.data)
    xSchedulerRunning                        0x2000005c   Data           4  tasks.o(.data)
    xPendedTicks                             0x20000060   Data           4  tasks.o(.data)
    xYieldPending                            0x20000064   Data           4  tasks.o(.data)
    xNumOfOverflows                          0x20000068   Data           4  tasks.o(.data)
    uxTaskNumber                             0x2000006c   Data           4  tasks.o(.data)
    xNextTaskUnblockTime                     0x20000070   Data           4  tasks.o(.data)
    xIdleTaskHandle                          0x20000074   Data           4  tasks.o(.data)
    uxSchedulerSuspended                     0x2000007c   Data           4  tasks.o(.data)
    pxDelayedTaskList                        0x20000080   Data           4  tasks.o(.data)
    pxOverflowDelayedTaskList                0x20000084   Data           4  tasks.o(.data)
    .data                                    0x20000088   Section        4  port.o(.data)
    uxCriticalNesting                        0x20000088   Data           4  port.o(.data)
    .data                                    0x2000008c   Section       28  heap_4.o(.data)
    pxEnd                                    0x2000008c   Data           4  heap_4.o(.data)
    xFreeBytesRemaining                      0x20000090   Data           4  heap_4.o(.data)
    xMinimumEverFreeBytesRemaining           0x20000094   Data           4  heap_4.o(.data)
    xNumberOfSuccessfulAllocations           0x20000098   Data           4  heap_4.o(.data)
    xNumberOfSuccessfulFrees                 0x2000009c   Data           4  heap_4.o(.data)
    xStart                                   0x200000a0   Data           8  heap_4.o(.data)
    .bss                                     0x200000a8   Section       20  main.o(.bss)
    .bss                                     0x200000bc   Section    11542  bsp_usart.o(.bss)
    RxTemp                                   0x200000bc   Data        1024  bsp_usart.o(.bss)
    RxTemp                                   0x200004bc   Data        1024  bsp_usart.o(.bss)
    RxTemp                                   0x200008bc   Data        1024  bsp_usart.o(.bss)
    RxTemp                                   0x20000cbc   Data        1024  bsp_usart.o(.bss)
    RxTemp                                   0x200010bc   Data        1024  bsp_usart.o(.bss)
    U1TxBuffer                               0x200028d2   Data         256  bsp_usart.o(.bss)
    U2TxBuffer                               0x200029d2   Data         256  bsp_usart.o(.bss)
    U3TxBuffer                               0x20002ad2   Data         256  bsp_usart.o(.bss)
    U4TxBuffer                               0x20002bd2   Data         256  bsp_usart.o(.bss)
    U5TxBuffer                               0x20002cd2   Data         256  bsp_usart.o(.bss)
    .bss                                     0x20002dd4   Section      200  tasks.o(.bss)
    pxReadyTasksLists                        0x20002dd4   Data         100  tasks.o(.bss)
    xDelayedTaskList1                        0x20002e38   Data          20  tasks.o(.bss)
    xDelayedTaskList2                        0x20002e4c   Data          20  tasks.o(.bss)
    xPendingReadyList                        0x20002e60   Data          20  tasks.o(.bss)
    xTasksWaitingTermination                 0x20002e74   Data          20  tasks.o(.bss)
    xSuspendedTaskList                       0x20002e88   Data          20  tasks.o(.bss)
    .bss                                     0x20002e9c   Section    16384  heap_4.o(.bss)
    ucHeap                                   0x20002e9c   Data       16384  heap_4.o(.bss)
    STACK                                    0x20006ea0   Section     1024  startup_stm32f10x_hd.o(STACK)

    Global Symbols

    Symbol Name                              Value     Ov Type        Size  Object(Section)

    BuildAttributes$$THM_ISAv4$P$D$K$B$S$PE$A:L22UL41UL21$X:L11$S22US41US21$IEEE1$IW$USESV6$~STKCKD$USESV7$~SHL$OTIME$ROPI$EBA8$MICROLIB$REQ8$PRES8$EABIv2 0x00000000   Number         0  anon$$obj.o ABSOLUTE
    __ARM_use_no_argv                        0x00000000   Number         0  main.o ABSOLUTE
    __use_no_errno                           0x00000000   Number         0  useno.o ABSOLUTE
    __use_no_exception_handling              0x00000000   Number         0  useno.o ABSOLUTE
    __use_no_fp                              0x00000000   Number         0  useno.o ABSOLUTE
    __use_no_heap                            0x00000000   Number         0  useno.o ABSOLUTE
    __use_no_heap_region                     0x00000000   Number         0  useno.o ABSOLUTE
    __use_no_semihosting                     0x00000000   Number         0  useno.o ABSOLUTE
    __use_no_semihosting_swi                 0x00000000   Number         0  useno.o ABSOLUTE
    __use_no_signal_handling                 0x00000000   Number         0  useno.o ABSOLUTE
    _printf_a                                0x00000000   Number         0  stubs.o ABSOLUTE
    _printf_c                                0x00000000   Number         0  stubs.o ABSOLUTE
    _printf_charcount                        0x00000000   Number         0  stubs.o ABSOLUTE
    _printf_d                                0x00000000   Number         0  stubs.o ABSOLUTE
    _printf_e                                0x00000000   Number         0  stubs.o ABSOLUTE
    _printf_f                                0x00000000   Number         0  stubs.o ABSOLUTE
    _printf_flags                            0x00000000   Number         0  stubs.o ABSOLUTE
    _printf_fp_dec                           0x00000000   Number         0  stubs.o ABSOLUTE
    _printf_fp_hex                           0x00000000   Number         0  stubs.o ABSOLUTE
    _printf_g                                0x00000000   Number         0  stubs.o ABSOLUTE
    _printf_i                                0x00000000   Number         0  stubs.o ABSOLUTE
    _printf_int_dec                          0x00000000   Number         0  stubs.o ABSOLUTE
    _printf_l                                0x00000000   Number         0  stubs.o ABSOLUTE
    _printf_lc                               0x00000000   Number         0  stubs.o ABSOLUTE
    _printf_ll                               0x00000000   Number         0  stubs.o ABSOLUTE
    _printf_lld                              0x00000000   Number         0  stubs.o ABSOLUTE
    _printf_lli                              0x00000000   Number         0  stubs.o ABSOLUTE
    _printf_llo                              0x00000000   Number         0  stubs.o ABSOLUTE
    _printf_llu                              0x00000000   Number         0  stubs.o ABSOLUTE
    _printf_llx                              0x00000000   Number         0  stubs.o ABSOLUTE
    _printf_longlong_dec                     0x00000000   Number         0  stubs.o ABSOLUTE
    _printf_longlong_hex                     0x00000000   Number         0  stubs.o ABSOLUTE
    _printf_longlong_oct                     0x00000000   Number         0  stubs.o ABSOLUTE
    _printf_ls                               0x00000000   Number         0  stubs.o ABSOLUTE
    _printf_mbtowc                           0x00000000   Number         0  stubs.o ABSOLUTE
    _printf_n                                0x00000000   Number         0  stubs.o ABSOLUTE
    _printf_o                                0x00000000   Number         0  stubs.o ABSOLUTE
    _printf_p                                0x00000000   Number         0  stubs.o ABSOLUTE
    _printf_percent                          0x00000000   Number         0  stubs.o ABSOLUTE
    _printf_pre_padding                      0x00000000   Number         0  stubs.o ABSOLUTE
    _printf_return_value                     0x00000000   Number         0  stubs.o ABSOLUTE
    _printf_s                                0x00000000   Number         0  stubs.o ABSOLUTE
    _printf_sizespec                         0x00000000   Number         0  stubs.o ABSOLUTE
    _printf_str                              0x00000000   Number         0  stubs.o ABSOLUTE
    _printf_truncate_signed                  0x00000000   Number         0  stubs.o ABSOLUTE
    _printf_truncate_unsigned                0x00000000   Number         0  stubs.o ABSOLUTE
    _printf_u                                0x00000000   Number         0  stubs.o ABSOLUTE
    _printf_wc                               0x00000000   Number         0  stubs.o ABSOLUTE
    _printf_wctomb                           0x00000000   Number         0  stubs.o ABSOLUTE
    _printf_widthprec                        0x00000000   Number         0  stubs.o ABSOLUTE
    _printf_x                                0x00000000   Number         0  stubs.o ABSOLUTE
    __arm_fini_                               - Undefined Weak Reference
    __cpp_initialize__aeabi_                  - Undefined Weak Reference
    __cxa_finalize                            - Undefined Weak Reference
    __decompress                              - Undefined Weak Reference
    _clock_init                               - Undefined Weak Reference
    _microlib_exit                            - Undefined Weak Reference
    __Vectors_Size                           0x00000130   Number         0  startup_stm32f10x_hd.o ABSOLUTE
    __Vectors                                0x08000000   Data           4  startup_stm32f10x_hd.o(RESET)
    __Vectors_End                            0x08000130   Data           0  startup_stm32f10x_hd.o(RESET)
    __main                                   0x08000131   Thumb Code     0  entry.o(.ARM.Collect$$$$00000000)
    _main_stk                                0x08000131   Thumb Code     0  entry2.o(.ARM.Collect$$$$00000001)
    _main_scatterload                        0x08000135   Thumb Code     0  entry5.o(.ARM.Collect$$$$00000004)
    __main_after_scatterload                 0x08000139   Thumb Code     0  entry5.o(.ARM.Collect$$$$00000004)
    _main_clock                              0x08000139   Thumb Code     0  entry7b.o(.ARM.Collect$$$$00000008)
    _main_cpp_init                           0x08000139   Thumb Code     0  entry8b.o(.ARM.Collect$$$$0000000A)
    _main_init                               0x08000139   Thumb Code     0  entry9a.o(.ARM.Collect$$$$0000000B)
    __rt_lib_shutdown_fini                   0x08000141   Thumb Code     0  entry12b.o(.ARM.Collect$$$$0000000E)
    __rt_final_cpp                           0x08000145   Thumb Code     0  entry10a.o(.ARM.Collect$$$$0000000F)
    __rt_final_exit                          0x08000145   Thumb Code     0  entry11a.o(.ARM.Collect$$$$00000011)
    SVC_Handler                              0x08000149   Thumb Code    32  port.o(.emb_text)
    __asm___6_port_c_39a90d8d__prvStartFirstTask 0x0800016d   Thumb Code    28  port.o(.emb_text)
    PendSV_Handler                           0x0800018d   Thumb Code    72  port.o(.emb_text)
    vPortGetIPSR                             0x080001d9   Thumb Code     6  port.o(.emb_text)
    Reset_Handler                            0x080001e1   Thumb Code     8  startup_stm32f10x_hd.o(.text)
    ADC1_2_IRQHandler                        0x080001fb   Thumb Code     0  startup_stm32f10x_hd.o(.text)
    ADC3_IRQHandler                          0x080001fb   Thumb Code     0  startup_stm32f10x_hd.o(.text)
    CAN1_RX1_IRQHandler                      0x080001fb   Thumb Code     0  startup_stm32f10x_hd.o(.text)
    CAN1_SCE_IRQHandler                      0x080001fb   Thumb Code     0  startup_stm32f10x_hd.o(.text)
    DMA1_Channel1_IRQHandler                 0x080001fb   Thumb Code     0  startup_stm32f10x_hd.o(.text)
    DMA1_Channel2_IRQHandler                 0x080001fb   Thumb Code     0  startup_stm32f10x_hd.o(.text)
    DMA1_Channel3_IRQHandler                 0x080001fb   Thumb Code     0  startup_stm32f10x_hd.o(.text)
    DMA1_Channel4_IRQHandler                 0x080001fb   Thumb Code     0  startup_stm32f10x_hd.o(.text)
    DMA1_Channel5_IRQHandler                 0x080001fb   Thumb Code     0  startup_stm32f10x_hd.o(.text)
    DMA1_Channel6_IRQHandler                 0x080001fb   Thumb Code     0  startup_stm32f10x_hd.o(.text)
    DMA1_Channel7_IRQHandler                 0x080001fb   Thumb Code     0  startup_stm32f10x_hd.o(.text)
    DMA2_Channel1_IRQHandler                 0x080001fb   Thumb Code     0  startup_stm32f10x_hd.o(.text)
    DMA2_Channel2_IRQHandler                 0x080001fb   Thumb Code     0  startup_stm32f10x_hd.o(.text)
    DMA2_Channel3_IRQHandler                 0x080001fb   Thumb Code     0  startup_stm32f10x_hd.o(.text)
    DMA2_Channel4_5_IRQHandler               0x080001fb   Thumb Code     0  startup_stm32f10x_hd.o(.text)
    EXTI15_10_IRQHandler                     0x080001fb   Thumb Code     0  startup_stm32f10x_hd.o(.text)
    EXTI1_IRQHandler                         0x080001fb   Thumb Code     0  startup_stm32f10x_hd.o(.text)
    EXTI2_IRQHandler                         0x080001fb   Thumb Code     0  startup_stm32f10x_hd.o(.text)
    EXTI3_IRQHandler                         0x080001fb   Thumb Code     0  startup_stm32f10x_hd.o(.text)
    EXTI4_IRQHandler                         0x080001fb   Thumb Code     0  startup_stm32f10x_hd.o(.text)
    EXTI9_5_IRQHandler                       0x080001fb   Thumb Code     0  startup_stm32f10x_hd.o(.text)
    FLASH_IRQHandler                         0x080001fb   Thumb Code     0  startup_stm32f10x_hd.o(.text)
    FSMC_IRQHandler                          0x080001fb   Thumb Code     0  startup_stm32f10x_hd.o(.text)
    I2C1_ER_IRQHandler                       0x080001fb   Thumb Code     0  startup_stm32f10x_hd.o(.text)
    I2C1_EV_IRQHandler                       0x080001fb   Thumb Code     0  startup_stm32f10x_hd.o(.text)
    I2C2_ER_IRQHandler                       0x080001fb   Thumb Code     0  startup_stm32f10x_hd.o(.text)
    I2C2_EV_IRQHandler                       0x080001fb   Thumb Code     0  startup_stm32f10x_hd.o(.text)
    PVD_IRQHandler                           0x080001fb   Thumb Code     0  startup_stm32f10x_hd.o(.text)
    RCC_IRQHandler                           0x080001fb   Thumb Code     0  startup_stm32f10x_hd.o(.text)
    RTCAlarm_IRQHandler                      0x080001fb   Thumb Code     0  startup_stm32f10x_hd.o(.text)
    RTC_IRQHandler                           0x080001fb   Thumb Code     0  startup_stm32f10x_hd.o(.text)
    SDIO_IRQHandler                          0x080001fb   Thumb Code     0  startup_stm32f10x_hd.o(.text)
    SPI1_IRQHandler                          0x080001fb   Thumb Code     0  startup_stm32f10x_hd.o(.text)
    SPI2_IRQHandler                          0x080001fb   Thumb Code     0  startup_stm32f10x_hd.o(.text)
    SPI3_IRQHandler                          0x080001fb   Thumb Code     0  startup_stm32f10x_hd.o(.text)
    TAMPER_IRQHandler                        0x080001fb   Thumb Code     0  startup_stm32f10x_hd.o(.text)
    TIM1_BRK_IRQHandler                      0x080001fb   Thumb Code     0  startup_stm32f10x_hd.o(.text)
    TIM1_CC_IRQHandler                       0x080001fb   Thumb Code     0  startup_stm32f10x_hd.o(.text)
    TIM1_TRG_COM_IRQHandler                  0x080001fb   Thumb Code     0  startup_stm32f10x_hd.o(.text)
    TIM1_UP_IRQHandler                       0x080001fb   Thumb Code     0  startup_stm32f10x_hd.o(.text)
    TIM3_IRQHandler                          0x080001fb   Thumb Code     0  startup_stm32f10x_hd.o(.text)
    TIM4_IRQHandler                          0x080001fb   Thumb Code     0  startup_stm32f10x_hd.o(.text)
    TIM5_IRQHandler                          0x080001fb   Thumb Code     0  startup_stm32f10x_hd.o(.text)
    TIM6_IRQHandler                          0x080001fb   Thumb Code     0  startup_stm32f10x_hd.o(.text)
    TIM7_IRQHandler                          0x080001fb   Thumb Code     0  startup_stm32f10x_hd.o(.text)
    TIM8_BRK_IRQHandler                      0x080001fb   Thumb Code     0  startup_stm32f10x_hd.o(.text)
    TIM8_CC_IRQHandler                       0x080001fb   Thumb Code     0  startup_stm32f10x_hd.o(.text)
    TIM8_TRG_COM_IRQHandler                  0x080001fb   Thumb Code     0  startup_stm32f10x_hd.o(.text)
    TIM8_UP_IRQHandler                       0x080001fb   Thumb Code     0  startup_stm32f10x_hd.o(.text)
    USBWakeUp_IRQHandler                     0x080001fb   Thumb Code     0  startup_stm32f10x_hd.o(.text)
    USB_HP_CAN1_TX_IRQHandler                0x080001fb   Thumb Code     0  startup_stm32f10x_hd.o(.text)
    USB_LP_CAN1_RX0_IRQHandler               0x080001fb   Thumb Code     0  startup_stm32f10x_hd.o(.text)
    WWDG_IRQHandler                          0x080001fb   Thumb Code     0  startup_stm32f10x_hd.o(.text)
    __aeabi_memcpy                           0x08000205   Thumb Code    36  memcpya.o(.text)
    __aeabi_memcpy4                          0x08000205   Thumb Code     0  memcpya.o(.text)
    __aeabi_memcpy8                          0x08000205   Thumb Code     0  memcpya.o(.text)
    __aeabi_memset                           0x08000229   Thumb Code    14  memseta.o(.text)
    __aeabi_memset4                          0x08000229   Thumb Code     0  memseta.o(.text)
    __aeabi_memset8                          0x08000229   Thumb Code     0  memseta.o(.text)
    __aeabi_memclr                           0x08000237   Thumb Code     4  memseta.o(.text)
    __aeabi_memclr4                          0x08000237   Thumb Code     0  memseta.o(.text)
    __aeabi_memclr8                          0x08000237   Thumb Code     0  memseta.o(.text)
    _memset$wrapper                          0x0800023b   Thumb Code    18  memseta.o(.text)
    __aeabi_uidiv                            0x0800024d   Thumb Code     0  uidiv.o(.text)
    __aeabi_uidivmod                         0x0800024d   Thumb Code    44  uidiv.o(.text)
    __scatterload                            0x08000279   Thumb Code    28  init.o(.text)
    __scatterload_rt2                        0x08000279   Thumb Code     0  init.o(.text)
    BusFault_Handler                         0x0800034d   Thumb Code     2  stm32f10x_it.o(i.BusFault_Handler)
    DebugMon_Handler                         0x0800034f   Thumb Code     2  stm32f10x_it.o(i.DebugMon_Handler)
    EXTI0_IRQHandler                         0x08000351   Thumb Code    44  bsp_key.o(i.EXTI0_IRQHandler)
    EXTI_ClearFlag                           0x080003b1   Thumb Code     6  stm32f10x_exti.o(i.EXTI_ClearFlag)
    EXTI_GetITStatus                         0x080003bd   Thumb Code    24  stm32f10x_exti.o(i.EXTI_GetITStatus)
    EXTI_Init                                0x080003dd   Thumb Code   134  stm32f10x_exti.o(i.EXTI_Init)
    GPIO_Init                                0x0800046d   Thumb Code   174  stm32f10x_gpio.o(i.GPIO_Init)
    HardFault_Handler                        0x0800051b   Thumb Code     2  stm32f10x_it.o(i.HardFault_Handler)
    Led_Init                                 0x0800051d   Thumb Code    84  bsp_led.o(i.Led_Init)
    MemManage_Handler                        0x0800057d   Thumb Code     2  stm32f10x_it.o(i.MemManage_Handler)
    NMI_Handler                              0x0800057f   Thumb Code     2  stm32f10x_it.o(i.NMI_Handler)
    NVIC_Init                                0x08000581   Thumb Code   112  misc.o(i.NVIC_Init)
    RCC_APB1PeriphResetCmd                   0x080005f5   Thumb Code    18  stm32f10x_rcc.o(i.RCC_APB1PeriphResetCmd)
    RCC_APB2PeriphClockCmd                   0x0800060d   Thumb Code    18  stm32f10x_rcc.o(i.RCC_APB2PeriphClockCmd)
    RCC_APB2PeriphResetCmd                   0x08000625   Thumb Code    18  stm32f10x_rcc.o(i.RCC_APB2PeriphResetCmd)
    RCC_GetClocksFreq                        0x0800063d   Thumb Code   152  stm32f10x_rcc.o(i.RCC_GetClocksFreq)
    SysTick_Handler                          0x080006e9   Thumb Code    38  port.o(i.SysTick_Handler)
    SystemInit                               0x08000715   Thumb Code   194  system_stm32f10x.o(i.SystemInit)
    TIM2_IRQHandler                          0x080007e9   Thumb Code    34  bsp_timer.o(i.TIM2_IRQHandler)
    TIM_ClearITPendingBit                    0x08000815   Thumb Code     6  stm32f10x_tim.o(i.TIM_ClearITPendingBit)
    TIM_GetITStatus                          0x0800081b   Thumb Code    22  stm32f10x_tim.o(i.TIM_GetITStatus)
    UART4_IRQHandler                         0x08000831   Thumb Code   162  bsp_usart.o(i.UART4_IRQHandler)
    UART5_IRQHandler                         0x080008ed   Thumb Code   144  bsp_usart.o(i.UART5_IRQHandler)
    USART1_IRQHandler                        0x08000991   Thumb Code   162  bsp_usart.o(i.USART1_IRQHandler)
    USART1_Init                              0x08000a4d   Thumb Code   202  bsp_usart.o(i.USART1_Init)
    USART2_IRQHandler                        0x08000b29   Thumb Code   162  bsp_usart.o(i.USART2_IRQHandler)
    USART3_IRQHandler                        0x08000be5   Thumb Code   162  bsp_usart.o(i.USART3_IRQHandler)
    USART_Cmd                                0x08000ca1   Thumb Code    18  stm32f10x_usart.o(i.USART_Cmd)
    USART_DeInit                             0x08000cb3   Thumb Code   164  stm32f10x_usart.o(i.USART_DeInit)
    USART_ITConfig                           0x08000d57   Thumb Code    48  stm32f10x_usart.o(i.USART_ITConfig)
    USART_Init                               0x08000d89   Thumb Code   174  stm32f10x_usart.o(i.USART_Init)
    UsageFault_Handler                       0x08000e3d   Thumb Code     2  stm32f10x_it.o(i.UsageFault_Handler)
    __0printf$6                              0x08000e41   Thumb Code    22  printf6.o(i.__0printf$6)
    __1printf$6                              0x08000e41   Thumb Code     0  printf6.o(i.__0printf$6)
    __2printf                                0x08000e41   Thumb Code     0  printf6.o(i.__0printf$6)
    __scatterload_copy                       0x08000e61   Thumb Code    14  handlers.o(i.__scatterload_copy)
    __scatterload_null                       0x08000e6f   Thumb Code     2  handlers.o(i.__scatterload_null)
    __scatterload_zeroinit                   0x08000e71   Thumb Code    14  handlers.o(i.__scatterload_zeroinit)
    createTask                               0x080011c5   Thumb Code    30  bsp_rtos.o(i.createTask)
    createTask_Key                           0x080011e9   Thumb Code    54  bsp_key.o(i.createTask_Key)
    createTask_Led                           0x08001245   Thumb Code    34  bsp_led.o(i.createTask_Led)
    fputc                                    0x0800127d   Thumb Code    18  bsp_usart.o(i.fputc)
    key_init                                 0x08001299   Thumb Code   124  bsp_key.o(i.key_init)
    main                                     0x08001319   Thumb Code    56  main.o(i.main)
    pvPortMalloc                             0x08001491   Thumb Code   304  heap_4.o(i.pvPortMalloc)
    pxPortInitialiseStack                    0x080015cd   Thumb Code    30  port.o(i.pxPortInitialiseStack)
    ulTaskGenericNotifyTake                  0x080015f1   Thumb Code   122  tasks.o(i.ulTaskGenericNotifyTake)
    uxListRemove                             0x08001675   Thumb Code    38  list.o(i.uxListRemove)
    vListInitialise                          0x0800169b   Thumb Code    22  list.o(i.vListInitialise)
    vListInitialiseItem                      0x080016b1   Thumb Code     6  list.o(i.vListInitialiseItem)
    vListInsert                              0x080016b9   Thumb Code    58  list.o(i.vListInsert)
    vPortEnterCritical                       0x080016f5   Thumb Code    24  port.o(i.vPortEnterCritical)
    vPortExitCritical                        0x08001711   Thumb Code    20  port.o(i.vPortExitCritical)
    vPortFree                                0x08001729   Thumb Code   136  heap_4.o(i.vPortFree)
    vPortSetupTimerInterrupt                 0x080017b5   Thumb Code    20  port.o(i.vPortSetupTimerInterrupt)
    vTaskDelay                               0x080017cd   Thumb Code    46  tasks.o(i.vTaskDelay)
    vTaskGenericNotifyGiveFromISR            0x08001805   Thumb Code   268  tasks.o(i.vTaskGenericNotifyGiveFromISR)
    vTaskStartScheduler                      0x0800191d   Thumb Code    68  tasks.o(i.vTaskStartScheduler)
    vTaskSuspendAll                          0x08001975   Thumb Code    10  tasks.o(i.vTaskSuspendAll)
    vTaskSwitchContext                       0x08001985   Thumb Code    62  tasks.o(i.vTaskSwitchContext)
    xPortStartScheduler                      0x080019cd   Thumb Code    38  port.o(i.xPortStartScheduler)
    xTaskCreate                              0x080019fd   Thumb Code   370  tasks.o(i.xTaskCreate)
    xTaskIncrementTick                       0x08001b91   Thumb Code   360  tasks.o(i.xTaskIncrementTick)
    xTaskResumeAll                           0x08001d01   Thumb Code   298  tasks.o(i.xTaskResumeAll)
    Region$$Table$$Base                      0x08001e4c   Number         0  anon$$obj.o(Region$$Table)
    Region$$Table$$Limit                     0x08001e6c   Number         0  anon$$obj.o(Region$$Table)
    AppTask_Handle_Led                       0x20000000   Data           4  bsp_led.o(.data)
    __stdout                                 0x2000001c   Data           4  bsp_usart.o(.data)
    xReturn                                  0x20000020   Data           4  bsp_rtos.o(.data)
    AppTask_Handle_Key                       0x20000024   Data           4  bsp_key.o(.data)
    AppTask_Handle                           0x20000028   Data           4  bsp_key.o(.data)
    params                                   0x2000002c   Data           8  bsp_key.o(.data)
    pxCurrentTCB                             0x20000048   Data           4  tasks.o(.data)
    uxTopUsedPriority                        0x20000078   Data           4  tasks.o(.data)
    RCC_Clocks                               0x200000a8   Data          20  main.o(.bss)
    xUSART                                   0x200014bc   Data        5142  bsp_usart.o(.bss)
    __initial_sp                             0x200072a0   Data           0  startup_stm32f10x_hd.o(STACK)



==============================================================================

Memory Map of the image

  Image Entry point : 0x08000131

  Load Region LR_IROM1 (Base: 0x08000000, Size: 0x00001f14, Max: 0x00040000, ABSOLUTE)

    Execution Region ER_IROM1 (Exec base: 0x08000000, Load base: 0x08000000, Size: 0x00001e6c, Max: 0x00040000, ABSOLUTE)

    Exec Addr    Load Addr    Size         Type   Attr      Idx    E Section Name        Object

    0x08000000   0x08000000   0x00000130   Data   RO          620    RESET               startup_stm32f10x_hd.o
    0x08000130   0x08000130   0x00000000   Code   RO         4019  * .ARM.Collect$$$$00000000  mc_w.l(entry.o)
    0x08000130   0x08000130   0x00000004   Code   RO         4297    .ARM.Collect$$$$00000001  mc_w.l(entry2.o)
    0x08000134   0x08000134   0x00000004   Code   RO         4300    .ARM.Collect$$$$00000004  mc_w.l(entry5.o)
    0x08000138   0x08000138   0x00000000   Code   RO         4302    .ARM.Collect$$$$00000008  mc_w.l(entry7b.o)
    0x08000138   0x08000138   0x00000000   Code   RO         4304    .ARM.Collect$$$$0000000A  mc_w.l(entry8b.o)
    0x08000138   0x08000138   0x00000008   Code   RO         4305    .ARM.Collect$$$$0000000B  mc_w.l(entry9a.o)
    0x08000140   0x08000140   0x00000004   Code   RO         4312    .ARM.Collect$$$$0000000E  mc_w.l(entry12b.o)
    0x08000144   0x08000144   0x00000000   Code   RO         4307    .ARM.Collect$$$$0000000F  mc_w.l(entry10a.o)
    0x08000144   0x08000144   0x00000000   Code   RO         4309    .ARM.Collect$$$$00000011  mc_w.l(entry11a.o)
    0x08000144   0x08000144   0x00000004   Code   RO         4298    .ARM.Collect$$$$00002712  mc_w.l(entry2.o)
    0x08000148   0x08000148   0x00000096   Code   RO         3897    .emb_text           port.o
    0x080001de   0x080001de   0x00000002   PAD
    0x080001e0   0x080001e0   0x00000024   Code   RO          621    .text               startup_stm32f10x_hd.o
    0x08000204   0x08000204   0x00000024   Code   RO         4022    .text               mc_w.l(memcpya.o)
    0x08000228   0x08000228   0x00000024   Code   RO         4024    .text               mc_w.l(memseta.o)
    0x0800024c   0x0800024c   0x0000002c   Code   RO         4313    .text               mc_w.l(uidiv.o)
    0x08000278   0x08000278   0x00000024   Code   RO         4330    .text               mc_w.l(init.o)
    0x0800029c   0x0800029c   0x00000038   Code   RO          440    i.AppTask           bsp_key.o
    0x080002d4   0x080002d4   0x0000003c   Code   RO          441    i.AppTask_Key       bsp_key.o
    0x08000310   0x08000310   0x0000003c   Code   RO          168    i.AppTask_Led       bsp_led.o
    0x0800034c   0x0800034c   0x00000002   Code   RO          109    i.BusFault_Handler  stm32f10x_it.o
    0x0800034e   0x0800034e   0x00000002   Code   RO          110    i.DebugMon_Handler  stm32f10x_it.o
    0x08000350   0x08000350   0x00000060   Code   RO          442    i.EXTI0_IRQHandler  bsp_key.o
    0x080003b0   0x080003b0   0x0000000c   Code   RO         1332    i.EXTI_ClearFlag    stm32f10x_exti.o
    0x080003bc   0x080003bc   0x00000020   Code   RO         1337    i.EXTI_GetITStatus  stm32f10x_exti.o
    0x080003dc   0x080003dc   0x00000090   Code   RO         1338    i.EXTI_Init         stm32f10x_exti.o
    0x0800046c   0x0800046c   0x000000ae   Code   RO         1567    i.GPIO_Init         stm32f10x_gpio.o
    0x0800051a   0x0800051a   0x00000002   Code   RO          111    i.HardFault_Handler  stm32f10x_it.o
    0x0800051c   0x0800051c   0x00000060   Code   RO          169    i.Led_Init          bsp_led.o
    0x0800057c   0x0800057c   0x00000002   Code   RO          112    i.MemManage_Handler  stm32f10x_it.o
    0x0800057e   0x0800057e   0x00000002   Code   RO          113    i.NMI_Handler       stm32f10x_it.o
    0x08000580   0x08000580   0x00000074   Code   RO          660    i.NVIC_Init         misc.o
    0x080005f4   0x080005f4   0x00000018   Code   RO         1993    i.RCC_APB1PeriphResetCmd  stm32f10x_rcc.o
    0x0800060c   0x0800060c   0x00000018   Code   RO         1994    i.RCC_APB2PeriphClockCmd  stm32f10x_rcc.o
    0x08000624   0x08000624   0x00000018   Code   RO         1995    i.RCC_APB2PeriphResetCmd  stm32f10x_rcc.o
    0x0800063c   0x0800063c   0x000000ac   Code   RO         2002    i.RCC_GetClocksFreq  stm32f10x_rcc.o
    0x080006e8   0x080006e8   0x0000002c   Code   RO         3898    i.SysTick_Handler   port.o
    0x08000714   0x08000714   0x000000d4   Code   RO          637    i.SystemInit        system_stm32f10x.o
    0x080007e8   0x080007e8   0x0000002c   Code   RO          377    i.TIM2_IRQHandler   bsp_timer.o
    0x08000814   0x08000814   0x00000006   Code   RO         2626    i.TIM_ClearITPendingBit  stm32f10x_tim.o
    0x0800081a   0x0800081a   0x00000016   Code   RO         2652    i.TIM_GetITStatus   stm32f10x_tim.o
    0x08000830   0x08000830   0x000000bc   Code   RO          195    i.UART4_IRQHandler  bsp_usart.o
    0x080008ec   0x080008ec   0x000000a4   Code   RO          200    i.UART5_IRQHandler  bsp_usart.o
    0x08000990   0x08000990   0x000000bc   Code   RO          205    i.USART1_IRQHandler  bsp_usart.o
    0x08000a4c   0x08000a4c   0x000000dc   Code   RO          206    i.USART1_Init       bsp_usart.o
    0x08000b28   0x08000b28   0x000000bc   Code   RO          211    i.USART2_IRQHandler  bsp_usart.o
    0x08000be4   0x08000be4   0x000000bc   Code   RO          216    i.USART3_IRQHandler  bsp_usart.o
    0x08000ca0   0x08000ca0   0x00000012   Code   RO         3150    i.USART_Cmd         stm32f10x_usart.o
    0x08000cb2   0x08000cb2   0x000000a4   Code   RO         3152    i.USART_DeInit      stm32f10x_usart.o
    0x08000d56   0x08000d56   0x00000030   Code   RO         3156    i.USART_ITConfig    stm32f10x_usart.o
    0x08000d86   0x08000d86   0x00000002   PAD
    0x08000d88   0x08000d88   0x000000b4   Code   RO         3157    i.USART_Init        stm32f10x_usart.o
    0x08000e3c   0x08000e3c   0x00000002   Code   RO          114    i.UsageFault_Handler  stm32f10x_it.o
    0x08000e3e   0x08000e3e   0x00000002   PAD
    0x08000e40   0x08000e40   0x00000020   Code   RO         4183    i.__0printf$6       mc_w.l(printf6.o)
    0x08000e60   0x08000e60   0x0000000e   Code   RO         4342    i.__scatterload_copy  mc_w.l(handlers.o)
    0x08000e6e   0x08000e6e   0x00000002   Code   RO         4343    i.__scatterload_null  mc_w.l(handlers.o)
    0x08000e70   0x08000e70   0x0000000e   Code   RO         4344    i.__scatterload_zeroinit  mc_w.l(handlers.o)
    0x08000e7e   0x08000e7e   0x00000002   PAD
    0x08000e80   0x08000e80   0x000002f0   Code   RO         4190    i._printf_core      mc_w.l(printf6.o)
    0x08001170   0x08001170   0x00000024   Code   RO         4191    i._printf_post_padding  mc_w.l(printf6.o)
    0x08001194   0x08001194   0x0000002e   Code   RO         4192    i._printf_pre_padding  mc_w.l(printf6.o)
    0x080011c2   0x080011c2   0x00000002   PAD
    0x080011c4   0x080011c4   0x00000024   Code   RO          412    i.createTask        bsp_rtos.o
    0x080011e8   0x080011e8   0x0000005c   Code   RO          443    i.createTask_Key    bsp_key.o
    0x08001244   0x08001244   0x00000038   Code   RO          170    i.createTask_Led    bsp_led.o
    0x0800127c   0x0800127c   0x0000001c   Code   RO          221    i.fputc             bsp_usart.o
    0x08001298   0x08001298   0x00000080   Code   RO          444    i.key_init          bsp_key.o
    0x08001318   0x08001318   0x00000074   Code   RO            1    i.main              main.o
    0x0800138c   0x0800138c   0x00000090   Code   RO         3631    i.prvAddCurrentTaskToDelayedList  tasks.o
    0x0800141c   0x0800141c   0x00000064   Code   RO         3632    i.prvIdleTask       tasks.o
    0x08001480   0x08001480   0x00000010   Code   RO         3899    i.prvTaskExitError  port.o
    0x08001490   0x08001490   0x0000013c   Code   RO         3969    i.pvPortMalloc      heap_4.o
    0x080015cc   0x080015cc   0x00000024   Code   RO         3900    i.pxPortInitialiseStack  port.o
    0x080015f0   0x080015f0   0x00000084   Code   RO         3633    i.ulTaskGenericNotifyTake  tasks.o
    0x08001674   0x08001674   0x00000026   Code   RO         3478    i.uxListRemove      list.o
    0x0800169a   0x0800169a   0x00000016   Code   RO         3479    i.vListInitialise   list.o
    0x080016b0   0x080016b0   0x00000006   Code   RO         3480    i.vListInitialiseItem  list.o
    0x080016b6   0x080016b6   0x00000002   PAD
    0x080016b8   0x080016b8   0x0000003a   Code   RO         3481    i.vListInsert       list.o
    0x080016f2   0x080016f2   0x00000002   PAD
    0x080016f4   0x080016f4   0x0000001c   Code   RO         3902    i.vPortEnterCritical  port.o
    0x08001710   0x08001710   0x00000018   Code   RO         3903    i.vPortExitCritical  port.o
    0x08001728   0x08001728   0x0000008c   Code   RO         3970    i.vPortFree         heap_4.o
    0x080017b4   0x080017b4   0x00000018   Code   RO         3904    i.vPortSetupTimerInterrupt  port.o
    0x080017cc   0x080017cc   0x00000038   Code   RO         3639    i.vTaskDelay        tasks.o
    0x08001804   0x08001804   0x00000118   Code   RO         3642    i.vTaskGenericNotifyGiveFromISR  tasks.o
    0x0800191c   0x0800191c   0x00000058   Code   RO         3651    i.vTaskStartScheduler  tasks.o
    0x08001974   0x08001974   0x00000010   Code   RO         3653    i.vTaskSuspendAll   tasks.o
    0x08001984   0x08001984   0x00000048   Code   RO         3654    i.vTaskSwitchContext  tasks.o
    0x080019cc   0x080019cc   0x00000030   Code   RO         3905    i.xPortStartScheduler  port.o
    0x080019fc   0x080019fc   0x00000194   Code   RO         3657    i.xTaskCreate       tasks.o
    0x08001b90   0x08001b90   0x00000170   Code   RO         3666    i.xTaskIncrementTick  tasks.o
    0x08001d00   0x08001d00   0x0000013c   Code   RO         3668    i.xTaskResumeAll    tasks.o
    0x08001e3c   0x08001e3c   0x0000000d   Data   RO          445    .conststring        bsp_key.o
    0x08001e49   0x08001e49   0x00000003   PAD
    0x08001e4c   0x08001e4c   0x00000020   Data   RO         4340    Region$$Table       anon$$obj.o


    Execution Region RW_IRAM1 (Exec base: 0x20000000, Load base: 0x08001e6c, Size: 0x000072a0, Max: 0x0000c000, ABSOLUTE)

    Exec Addr    Load Addr    Size         Type   Attr      Idx    E Section Name        Object

    0x20000000   0x08001e6c   0x00000004   Data   RW          171    .data               bsp_led.o
    0x20000004   0x08001e70   0x00000016   Data   RW          223    .data               bsp_usart.o
    0x2000001a   0x08001e86   0x00000002   PAD
    0x2000001c   0x08001e88   0x00000004   Data   RW          224    .data               bsp_usart.o
    0x20000020   0x08001e8c   0x00000004   Data   RW          413    .data               bsp_rtos.o
    0x20000024   0x08001e90   0x00000010   Data   RW          446    .data               bsp_key.o
    0x20000034   0x08001ea0   0x00000014   Data   RW         2022    .data               stm32f10x_rcc.o
    0x20000048   0x08001eb4   0x00000040   Data   RW         3671    .data               tasks.o
    0x20000088   0x08001ef4   0x00000004   Data   RW         3906    .data               port.o
    0x2000008c   0x08001ef8   0x0000001c   Data   RW         3976    .data               heap_4.o
    0x200000a8        -       0x00000014   Zero   RW            2    .bss                main.o
    0x200000bc        -       0x00002d16   Zero   RW          222    .bss                bsp_usart.o
    0x20002dd2   0x08001f14   0x00000002   PAD
    0x20002dd4        -       0x000000c8   Zero   RW         3670    .bss                tasks.o
    0x20002e9c        -       0x00004000   Zero   RW         3975    .bss                heap_4.o
    0x20006e9c   0x08001f14   0x00000004   PAD
    0x20006ea0        -       0x00000400   Zero   RW          618    STACK               startup_stm32f10x_hd.o


==============================================================================

Image component sizes


      Code (inc. data)   RO Data    RW Data    ZI Data      Debug   Object Name

       432        144         13         16          0       3282   bsp_key.o
       212         50          0          4          0       1689   bsp_led.o
        36          6          0          4          0       1243   bsp_rtos.o
        44         10          0          0          0      20826   bsp_timer.o
      1164        152          0         26      11542       8719   bsp_usart.o
         0          0          0          0          0       2512   event_groups.o
       456         16          0         28      16384       4099   heap_4.o
       124          0          0          0          0       2541   list.o
       116         60          0          0         20     249480   main.o
       116          4          0          0          0       1012   misc.o
       370         46          0          4          0       8864   port.o
        36          8        304          0       1024        852   startup_stm32f10x_hd.o
       188         24          0          0          0       2012   stm32f10x_exti.o
       174          0          0          0          0       1916   stm32f10x_gpio.o
        12          0          0          0          0       2473   stm32f10x_it.o
       244         38          0         20          0       5131   stm32f10x_rcc.o
        28          0          0          0          0       2757   stm32f10x_tim.o
       410          6          0          0          0       4333   stm32f10x_usart.o
       212         18          0          0          0        989   system_stm32f10x.o
      1976        148          0         64        200      25840   tasks.o

    ----------------------------------------------------------------------
      6360        730        352        168      29176     350570   Object Totals
         0          0         32          0          0          0   (incl. Generated)
        10          0          3          2          6          0   (incl. Padding)

    ----------------------------------------------------------------------

      Code (inc. data)   RO Data    RW Data    ZI Data      Debug   Library Member Name

         0          0          0          0          0          0   entry.o
         0          0          0          0          0          0   entry10a.o
         0          0          0          0          0          0   entry11a.o
         4          0          0          0          0          0   entry12b.o
         8          4          0          0          0          0   entry2.o
         4          0          0          0          0          0   entry5.o
         0          0          0          0          0          0   entry7b.o
         0          0          0          0          0          0   entry8b.o
         8          4          0          0          0          0   entry9a.o
        30          0          0          0          0          0   handlers.o
        36          8          0          0          0         68   init.o
        36          0          0          0          0         68   memcpya.o
        36          0          0          0          0        108   memseta.o
       866         14          0          0          0        352   printf6.o
        44          0          0          0          0         80   uidiv.o

    ----------------------------------------------------------------------
      1076         30          0          0          0        676   Library Totals
         4          0          0          0          0          0   (incl. Padding)

    ----------------------------------------------------------------------

      Code (inc. data)   RO Data    RW Data    ZI Data      Debug   Library Name

      1072         30          0          0          0        676   mc_w.l

    ----------------------------------------------------------------------
      1076         30          0          0          0        676   Library Totals

    ----------------------------------------------------------------------

==============================================================================


      Code (inc. data)   RO Data    RW Data    ZI Data      Debug   

      7436        760        352        168      29176     347914   Grand Totals
      7436        760        352        168      29176     347914   ELF Image Totals
      7436        760        352        168          0          0   ROM Totals

==============================================================================

    Total RO  Size (Code + RO Data)                 7788 (   7.61kB)
    Total RW  Size (RW Data + ZI Data)             29344 (  28.66kB)
    Total ROM Size (Code + RO Data + RW Data)       7956 (   7.77kB)

==============================================================================

